
> teamhub@0.1.0 build
> craco build

Creating an optimized production build...
Compiled with warnings.

chunk 174 [mini-css-extract-plugin]
Conflicting order. Following module has been added:
 * css ./node_modules/css-loader/dist/cjs.js??ruleSet[1].rules[1].oneOf[5].use[1]!./node_modules/postcss-loader/dist/cjs.js??ruleSet[1].rules[1].oneOf[5].use[2]!./node_modules/source-map-loader/dist/cjs.js!./src/app/styles/NewMatters.css
despite it was not able to fulfill desired ordering with these modules:
 * css ./node_modules/css-loader/dist/cjs.js??ruleSet[1].rules[1].oneOf[5].use[1]!./node_modules/postcss-loader/dist/cjs.js??ruleSet[1].rules[1].oneOf[5].use[2]!./node_modules/source-map-loader/dist/cjs.js!./src/components/portal/PortalLaunchModal.css
   - couldn't fulfill desired order of chunk group(s) , ,

chunk 174 [mini-css-extract-plugin]
Conflicting order. Following module has been added:
 * css ./node_modules/css-loader/dist/cjs.js??ruleSet[1].rules[1].oneOf[5].use[1]!./node_modules/postcss-loader/dist/cjs.js??ruleSet[1].rules[1].oneOf[5].use[2]!./node_modules/source-map-loader/dist/cjs.js!./src/app/styles/MatterOpeningCard.css
despite it was not able to fulfill desired ordering with these modules:
 * css ./node_modules/css-loader/dist/cjs.js??ruleSet[1].rules[1].oneOf[5].use[1]!./node_modules/postcss-loader/dist/cjs.js??ruleSet[1].rules[1].oneOf[5].use[2]!./node_modules/source-map-loader/dist/cjs.js!./src/components/portal/PortalLaunchModal.css
   - couldn't fulfill desired order of chunk group(s) , ,

chunk 174 [mini-css-extract-plugin]
Conflicting order. Following module has been added:
 * css ./node_modules/css-loader/dist/cjs.js??ruleSet[1].rules[1].oneOf[5].use[1]!./node_modules/postcss-loader/dist/cjs.js??ruleSet[1].rules[1].oneOf[5].use[2]!./node_modules/source-map-loader/dist/cjs.js!./src/components/portal/PortalLaunchModal.css
despite it was not able to fulfill desired ordering with these modules:
 * css ./node_modules/css-loader/dist/cjs.js??ruleSet[1].rules[1].oneOf[5].use[1]!./node_modules/postcss-loader/dist/cjs.js??ruleSet[1].rules[1].oneOf[5].use[2]!./node_modules/source-map-loader/dist/cjs.js!./src/tabs/instructions/MatterOpening/MatterOpeningResponsive.css
   - couldn't fulfill desired order of chunk group(s) 
   - while fulfilling desired order of chunk group(s) , ,

chunk 935 [mini-css-extract-plugin]
Conflicting order. Following module has been added:
 * css ./node_modules/css-loader/dist/cjs.js??ruleSet[1].rules[1].oneOf[5].use[1]!./node_modules/postcss-loader/dist/cjs.js??ruleSet[1].rules[1].oneOf[5].use[2]!./node_modules/source-map-loader/dist/cjs.js!./src/components/CompactOptionStrip.css
despite it was not able to fulfill desired ordering with these modules:
 * css ./node_modules/css-loader/dist/cjs.js??ruleSet[1].rules[1].oneOf[5].use[1]!./node_modules/postcss-loader/dist/cjs.js??ruleSet[1].rules[1].oneOf[5].use[2]!./node_modules/source-map-loader/dist/cjs.js!./src/tabs/enquiries/styles/ProspectOverview.css
   - couldn't fulfill desired order of chunk group(s)

[eslint] 
src\CustomForms\AnnualLeaveApprovals.tsx
  Line 5:8:     'HelixAvatar' is defined but never used                  @typescript-eslint/no-unused-vars
  Line 138:7:   'PHASES' is assigned a value but never used              @typescript-eslint/no-unused-vars
  Line 145:10:  'getPhaseIndex' is defined but never used                @typescript-eslint/no-unused-vars
  Line 197:27:  'setRejectionReason' is assigned a value but never used  @typescript-eslint/no-unused-vars

src\CustomForms\AnnualLeaveModal.tsx
  Line 14:30:   'DialogFooter' is defined but never used                                                                                              @typescript-eslint/no-unused-vars
  Line 221:10:  'selectionStart' is assigned a value but never used                                                                                   @typescript-eslint/no-unused-vars
  Line 221:26:  'setSelectionStart' is assigned a value but never used                                                                                @typescript-eslint/no-unused-vars
  Line 510:6:   React Hook useEffect has missing dependencies: 'team' and 'viewedEmployeeTotals'. Either include them or remove the dependency array  react-hooks/exhaustive-deps
  Line 778:6:   React Hook useCallback has an unnecessary dependency: 'onSubmitSuccess'. Either exclude it or remove the dependency array             react-hooks/exhaustive-deps
  Line 930:6:   React Hook useCallback has an unnecessary dependency: 'onSubmitSuccess'. Either exclude it or remove the dependency array             react-hooks/exhaustive-deps
  Line 970:17:  Function declared in a loop contains unsafe references to variable(s) 'day', 'day'                                                    no-loop-func
  Line 1110:6:  React Hook useMemo has an unnecessary dependency: 'daysByType'. Either exclude it or remove the dependency array                      react-hooks/exhaustive-deps
  Line 1319:9:  'bgSection' is assigned a value but never used                                                                                        @typescript-eslint/no-unused-vars
  Line 1327:9:  'bgSelectedStrong' is assigned a value but never used                                                                                 @typescript-eslint/no-unused-vars

src\CustomForms\BookSpaceForm.tsx
  Line 45:7:   'bookingRowPulse' is assigned a value but never used                                                                                           @typescript-eslint/no-unused-vars
  Line 264:6:  React Hook useEffect has a missing dependency: 'formValues'. Either include it or remove the dependency array                                  react-hooks/exhaustive-deps
  Line 282:6:  React Hook useEffect has missing dependencies: 'checkConflictAndSuggest' and 'formValues'. Either include them or remove the dependency array  react-hooks/exhaustive-deps

src\CustomForms\BundleForm.tsx
  Line 8:10:    'Dropdown' is defined but never used                 @typescript-eslint/no-unused-vars
  Line 78:18:   'setName' is assigned a value but never used         @typescript-eslint/no-unused-vars
  Line 116:11:  'dropdownStyles' is assigned a value but never used  @typescript-eslint/no-unused-vars

src\CustomForms\CounselRecommendationForm.tsx
  Line 37:3:  'formFieldTokens' is defined but never used  @typescript-eslint/no-unused-vars

src\CustomForms\ExpertDirectory.tsx
  Line 77:9:  'sectionStyle' is assigned a value but never used  @typescript-eslint/no-unused-vars

src\CustomForms\ExpertRecommendationForm.tsx
  Line 35:3:  'formFieldTokens' is defined but never used  @typescript-eslint/no-unused-vars

src\CustomForms\TechIdeaForm.tsx
  Line 15:10:  'colours' is defined but never used  @typescript-eslint/no-unused-vars

src\CustomForms\TransactionIntake.tsx
  Line 219:9:  'inputBg' is assigned a value but never used  @typescript-eslint/no-unused-vars

src\CustomForms\VerificationCheckForm.tsx
  Line 265:10:  'dataset' is assigned a value but never used                                                                                  @typescript-eslint/no-unused-vars
  Line 391:6:   React Hook useCallback has a missing dependency: 'formData.instructionRef'. Either include it or remove the dependency array  react-hooks/exhaustive-deps

src\CustomForms\shared\TechTicketsLedger.tsx
  Line 47:10:  'formatType' is defined but never used  @typescript-eslint/no-unused-vars

src\app\App.tsx
  Line 433:10:   'initialLocalPoidCount' is assigned a value but never used                                                                                @typescript-eslint/no-unused-vars
  Line 437:10:   'outstandingBalances' is assigned a value but never used                                                                                  @typescript-eslint/no-unused-vars
  Line 438:10:   'transactions' is assigned a value but never used                                                                                         @typescript-eslint/no-unused-vars
  Line 439:10:   'boardroomBookings' is assigned a value but never used                                                                                    @typescript-eslint/no-unused-vars
  Line 440:10:   'soundproofBookings' is assigned a value but never used                                                                                   @typescript-eslint/no-unused-vars
  Line 914:7:    React Hook useEffect has a complex expression in the dependency array. Extract it to a separate variable so it can be statically checked  react-hooks/exhaustive-deps
  Line 914:29:   React Hook useEffect has a complex expression in the dependency array. Extract it to a separate variable so it can be statically checked  react-hooks/exhaustive-deps
  Line 995:6:    React Hook useCallback has unnecessary dependencies: 'activeTab' and 'setContent'. Either exclude them or remove the dependency array     react-hooks/exhaustive-deps
  Line 1266:6:   React Hook useEffect has a missing dependency: 'cclOperationsAvailable'. Either include it or remove the dependency array                 react-hooks/exhaustive-deps
  Line 1551:13:  'pilotUsers' is assigned a value but never used                                                                                           @typescript-eslint/no-unused-vars
  Line 1554:13:  'isAdmin' is assigned a value but never used                                                                                              @typescript-eslint/no-unused-vars
  Line 1609:15:  'lukeTest' is assigned a value but never used                                                                                             @typescript-eslint/no-unused-vars
  Line 1689:15:  'instructionsCount' is assigned a value but never used                                                                                    @typescript-eslint/no-unused-vars
  Line 1690:15:  'pitchedDealsCount' is assigned a value but never used                                                                                    @typescript-eslint/no-unused-vars
  Line 1693:15:  'lukeTransformed' is assigned a value but never used                                                                                      @typescript-eslint/no-unused-vars

src\app\functionality\BespokePanel.tsx
  Line 202:6:  React Hook useEffect has a missing dependency: 'handleClose'. Either include it or remove the dependency array  react-hooks/exhaustive-deps
  Line 250:6:  React Hook useEffect has a missing dependency: 'handleClose'. Either include it or remove the dependency array  react-hooks/exhaustive-deps

src\app\functionality\useServiceHealthMonitor.ts
  Line 46:61:  React Hook useMemo has a missing dependency: 'monitorStatuses'. Either include it or remove the dependency array     react-hooks/exhaustive-deps
  Line 47:71:  React Hook useMemo has a missing dependency: 'ignoredUrlPatterns'. Either include it or remove the dependency array  react-hooks/exhaustive-deps

src\app\styles\CustomTabs.tsx
  Line 84:9:   'canSeePrivateControls' is assigned a value but never used                                                         @typescript-eslint/no-unused-vars
  Line 126:6:  React Hook React.useEffect has a missing dependency: 'iconOnly'. Either include it or remove the dependency array  react-hooks/exhaustive-deps

src\app\styles\Loading.tsx
  Line 5:10:  'colours' is defined but never used                       @typescript-eslint/no-unused-vars
  Line 82:9:  'effectiveIsDarkMode' is assigned a value but never used  @typescript-eslint/no-unused-vars

src\components\DataFlowDiagram.tsx
  Line 1:17:  'useMemo' is defined but never used  @typescript-eslint/no-unused-vars

src\components\DemoCheatSheetOverlay.tsx
  Line 680:9:  'controlsMetaStyle' is assigned a value but never used  @typescript-eslint/no-unused-vars

src\components\DemoPromptsModal.tsx
  Line 93:9:  'successColor' is assigned a value but never used  @typescript-eslint/no-unused-vars

src\components\DocumentPreviewModal.tsx
  Line 7:10:  'FaTimes' is defined but never used            @typescript-eslint/no-unused-vars
  Line 7:31:  'FaExternalLinkAlt' is defined but never used  @typescript-eslint/no-unused-vars

src\components\EntryGate.tsx
  Line 218:9:  'surfaceBg' is assigned a value but never used  @typescript-eslint/no-unused-vars

src\components\ErrorBoundary.tsx
  Line 60:48:  Unexpected mix of '||' and '&&'. Use parentheses to clarify the intended order of operations  no-mixed-operators
  Line 61:35:  Unexpected mix of '||' and '&&'. Use parentheses to clarify the intended order of operations  no-mixed-operators

src\components\HubToolsChip.tsx
  Line 167:12:  'toast' is assigned a value but never used     @typescript-eslint/no-unused-vars
  Line 195:11:  'shadowMd' is assigned a value but never used  @typescript-eslint/no-unused-vars

src\components\LegacyMigrationTool.tsx
  Line 364:8:  React Hook useCallback has a missing dependency: 'initModuleData'. Either include it or remove the dependency array              react-hooks/exhaustive-deps
  Line 405:8:  React Hook useCallback has missing dependencies: 'moduleData' and 'modules'. Either include them or remove the dependency array  react-hooks/exhaustive-deps

src\components\Navigator.tsx
  Line 5:10:   'colours' is defined but never used              @typescript-eslint/no-unused-vars
  Line 11:13:  'isDarkMode' is assigned a value but never used  @typescript-eslint/no-unused-vars

src\components\PitchScenarioBadge.tsx
  Line 113:9:  'scenarioName' is assigned a value but never used  @typescript-eslint/no-unused-vars

src\components\ReleaseNotesModal.tsx
  Line 1:1:  Unexpected Unicode BOM (Byte Order Mark)  unicode-bom

src\components\RiskAssessment.tsx
  Line 533:8:  React Hook React.useEffect has a missing dependency: 'hasDataToClear'. Either include it or remove the dependency array                         react-hooks/exhaustive-deps
  Line 533:9:  React Hook React.useEffect has a complex expression in the dependency array. Extract it to a separate variable so it can be statically checked  react-hooks/exhaustive-deps

src\components\UserBubble.tsx
  Line 366:50:  'sectionTitle' is assigned a value but never used  @typescript-eslint/no-unused-vars

src\components\command-centre\CommandDeck.tsx
  Line 164:29:  'tokens' is assigned a value but never used                                                                   @typescript-eslint/no-unused-vars
  Line 347:8:   React Hook useMemo has an unnecessary dependency: 'lsTick'. Either exclude it or remove the dependency array  react-hooks/exhaustive-deps

src\components\feedback\ToastProvider.tsx
  Line 90:6:  React Hook useCallback has a missing dependency: 'hideToast'. Either include it or remove the dependency array  react-hooks/exhaustive-deps

src\components\filter\TwoLayerFilter.tsx
  Line 3:10:   'colours' is defined but never used                                                                                                             @typescript-eslint/no-unused-vars
  Line 87:47:  React Hook useLayoutEffect has a missing dependency: 'recalcPrimary'. Either include it or remove the dependency array                          react-hooks/exhaustive-deps
  Line 88:49:  React Hook useLayoutEffect has a missing dependency: 'recalcSecondary'. Either include it or remove the dependency array                        react-hooks/exhaustive-deps
  Line 97:6:   React Hook useLayoutEffect has missing dependencies: 'recalcPrimary' and 'recalcSecondary'. Either include them or remove the dependency array  react-hooks/exhaustive-deps

src\components\modals\IDVerificationReviewModal.tsx
  Line 235:9:   'getRecommendedAction' is assigned a value but never used  @typescript-eslint/no-unused-vars
  Line 236:11:  'rawResponse' is assigned a value but never used           @typescript-eslint/no-unused-vars
  Line 273:9:   'getCheckStatuses' is assigned a value but never used      @typescript-eslint/no-unused-vars
  Line 278:9:   'getCheckName' is assigned a value but never used          @typescript-eslint/no-unused-vars

src\components\modern\CallsAndNotes.tsx
  Line 7:10:     'disposeOnHmr' is defined but never used                                                                                  @typescript-eslint/no-unused-vars
  Line 7:24:     'onServerBounced' is defined but never used                                                                               @typescript-eslint/no-unused-vars
  Line 899:9:    'tabActiveBg' is assigned a value but never used                                                                          @typescript-eslint/no-unused-vars
  Line 928:10:   'journeyMeta' is assigned a value but never used                                                                          @typescript-eslint/no-unused-vars
  Line 2548:6:   React Hook React.useMemo has a missing dependency: 'callCentreEnabled'. Either include it or remove the dependency array  react-hooks/exhaustive-deps
  Line 2576:9:   'streamDetailPadding' is assigned a value but never used                                                                  @typescript-eslint/no-unused-vars
  Line 2714:85:  Unnecessary escape character: \-                                                                                          no-useless-escape

src\components\modern\ConversionProspectBasket.tsx
  Line 283:10:  'toTrailLabel' is defined but never used                                                                                      @typescript-eslint/no-unused-vars
  Line 428:6:   React Hook React.useLayoutEffect has a missing dependency: 'anchor.bottom'. Either include it or remove the dependency array  react-hooks/exhaustive-deps

src\components\modern\OperationsDashboard.tsx
  Line 3:75:      'FiChevronRight' is defined but never used                                                                                                                                                                                          @typescript-eslint/no-unused-vars
  Line 3:146:     'FiClock' is defined but never used                                                                                                                                                                                                 @typescript-eslint/no-unused-vars
  Line 3:155:     'FiFileText' is defined but never used                                                                                                                                                                                              @typescript-eslint/no-unused-vars
  Line 3:167:     'FiUser' is defined but never used                                                                                                                                                                                                  @typescript-eslint/no-unused-vars
  Line 7:8:       'helixMark' is defined but never used                                                                                                                                                                                               @typescript-eslint/no-unused-vars
  Line 8:8:       'clioIcon' is defined but never used                                                                                                                                                                                                @typescript-eslint/no-unused-vars
  Line 9:8:       'netdocumentsIcon' is defined but never used                                                                                                                                                                                        @typescript-eslint/no-unused-vars
  Line 17:8:      'CclOverrideRerunModal' is defined but never used                                                                                                                                                                                   @typescript-eslint/no-unused-vars
  Line 23:10:     'DocumentRenderer' is defined but never used                                                                                                                                                                                        @typescript-eslint/no-unused-vars
  Line 24:187:    'PressureTestFieldScore' is defined but never used                                                                                                                                                                                  @typescript-eslint/no-unused-vars
  Line 36:3:      'CCL_ORDERED_REVIEW_FIELD_KEYS' is defined but never used                                                                                                                                                                           @typescript-eslint/no-unused-vars
  Line 37:3:      'CCL_PRESSURE_TEST_FIELD_KEYS' is defined but never used                                                                                                                                                                            @typescript-eslint/no-unused-vars
  Line 38:3:      'CCL_SUPPRESSED_REVIEW_FIELD_KEYS' is defined but never used                                                                                                                                                                        @typescript-eslint/no-unused-vars
  Line 41:3:      'readCclReviewTextValue' is defined but never used                                                                                                                                                                                  @typescript-eslint/no-unused-vars
  Line 575:10:    'getAttentionSummary' is defined but never used                                                                                                                                                                                     @typescript-eslint/no-unused-vars
  Line 688:7:     'friendlySource' is assigned a value but never used                                                                                                                                                                                 @typescript-eslint/no-unused-vars
  Line 826:7:     'stageVisuals' is assigned a value but never used                                                                                                                                                                                   @typescript-eslint/no-unused-vars
  Line 1308:10:   'pitchLookupLoading' is assigned a value but never used                                                                                                                                                                             @typescript-eslint/no-unused-vars
  Line 1324:10:   'insightLoading' is assigned a value but never used                                                                                                                                                                                 @typescript-eslint/no-unused-vars
  Line 1367:10:   'cclPreviewOpen' is assigned a value but never used                                                                                                                                                                                 @typescript-eslint/no-unused-vars
  Line 1394:10:   'cclVisibleReviewGroupByMatter' is assigned a value but never used                                                                                                                                                                  @typescript-eslint/no-unused-vars
  Line 1402:36:   'setCclContactSourceByMatter' is assigned a value but never used                                                                                                                                                                    @typescript-eslint/no-unused-vars
  Line 1437:9:    'cclAiAutoFiredRef' is assigned a value but never used                                                                                                                                                                              @typescript-eslint/no-unused-vars
  Line 1461:10:   'cclIntroScrollProgress' is assigned a value but never used                                                                                                                                                                         @typescript-eslint/no-unused-vars
  Line 1839:9:    'openCclPipelineDetailModal' is assigned a value but never used                                                                                                                                                                     @typescript-eslint/no-unused-vars
  Line 1850:6:    React Hook React.useCallback has an unnecessary dependency: 'closeCclLetterModal'. Either exclude it or remove the dependency array                                                                                                 react-hooks/exhaustive-deps
  Line 1859:9:    'buildCclAiToastMessage' is assigned a value but never used                                                                                                                                                                         @typescript-eslint/no-unused-vars
  Line 1863:9:    'buildCclAiToastProgress' is assigned a value but never used                                                                                                                                                                        @typescript-eslint/no-unused-vars
  Line 2005:6:    React Hook React.useEffect has a missing dependency: 'viewAsProd'. Either include it or remove the dependency array                                                                                                                 react-hooks/exhaustive-deps
  Line 2572:11:   'showToastForThis' is assigned a value but never used                                                                                                                                                                               @typescript-eslint/no-unused-vars
  Line 2756:6:    React Hook React.useCallback has unnecessary dependencies: 'cclLetterModal' and 'openCclLetterModal'. Either exclude them or remove the dependency array                                                                            react-hooks/exhaustive-deps
  Line 2972:6:    React Hook React.useCallback has an unnecessary dependency: 'updateToast'. Either exclude it or remove the dependency array                                                                                                         react-hooks/exhaustive-deps
  Line 3223:6:    React Hook React.useEffect has a missing dependency: 'viewAsProd'. Either include it or remove the dependency array                                                                                                                 react-hooks/exhaustive-deps
  Line 3264:9:    'countUnresolved' is assigned a value but never used                                                                                                                                                                                @typescript-eslint/no-unused-vars
  Line 3356:9:    'selectedConversionAowMix' is assigned a value but never used                                                                                                                                                                       @typescript-eslint/no-unused-vars
  Line 3695:9:    'insightLabel' is assigned a value but never used                                                                                                                                                                                   @typescript-eslint/no-unused-vars
  Line 3697:9:    'insightAow' is assigned a value but never used                                                                                                                                                                                     @typescript-eslint/no-unused-vars
  Line 4065:9:    'pipelineDots' is assigned a value but never used                                                                                                                                                                                   @typescript-eslint/no-unused-vars
  Line 4117:9:    'colHeaderBg' is assigned a value but never used                                                                                                                                                                                    @typescript-eslint/no-unused-vars
  Line 4124:9:    'hoverShadow' is assigned a value but never used                                                                                                                                                                                    @typescript-eslint/no-unused-vars
  Line 4305:6:    React Hook React.useCallback has an unnecessary dependency: 'fmt'. Either exclude it or remove the dependency array. Outer scope values like 'fmt' aren't valid dependencies because mutating them doesn't re-render the component  react-hooks/exhaustive-deps
  Line 4930:9:    'renderConversionChart' is assigned a value but never used                                                                                                                                                                          @typescript-eslint/no-unused-vars
  Line 5361:9:    'kpiRow' is assigned a value but never used                                                                                                                                                                                         @typescript-eslint/no-unused-vars
  Line 5828:23:   'exactFmt' is assigned a value but never used                                                                                                                                                                                       @typescript-eslint/no-unused-vars
  Line 7128:29:   'clioUrl' is assigned a value but never used                                                                                                                                                                                        @typescript-eslint/no-unused-vars
  Line 7155:29:   'inlineStageHint' is assigned a value but never used                                                                                                                                                                                @typescript-eslint/no-unused-vars
  Line 8303:11:   'structuredReviewFields' is assigned a value but never used                                                                                                                                                                         @typescript-eslint/no-unused-vars
  Line 8716:15:   'docUrl' is assigned a value but never used                                                                                                                                                                                         @typescript-eslint/no-unused-vars
  Line 8808:15:   'statusLabel' is assigned a value but never used                                                                                                                                                                                    @typescript-eslint/no-unused-vars
  Line 8940:11:   'reviewedCount' is assigned a value but never used                                                                                                                                                                                  @typescript-eslint/no-unused-vars
  Line 8942:11:   'allReviewed' is assigned a value but never used                                                                                                                                                                                    @typescript-eslint/no-unused-vars
  Line 8943:11:   'progressPct' is assigned a value but never used                                                                                                                                                                                    @typescript-eslint/no-unused-vars
  Line 8955:11:   'visibleReviewFieldKeys' is assigned a value but never used                                                                                                                                                                         @typescript-eslint/no-unused-vars
  Line 8963:11:   'populatedFieldCount' is assigned a value but never used                                                                                                                                                                            @typescript-eslint/no-unused-vars
  Line 8964:11:   'structuredFieldCount' is assigned a value but never used                                                                                                                                                                           @typescript-eslint/no-unused-vars
  Line 9048:15:   'selectedFieldTemplateContext' is assigned a value but never used                                                                                                                                                                   @typescript-eslint/no-unused-vars
  Line 9124:15:   'hasSessionPrompts' is assigned a value but never used                                                                                                                                                                              @typescript-eslint/no-unused-vars
  Line 9156:15:   'isFullLetterActive' is assigned a value but never used                                                                                                                                                                             @typescript-eslint/no-unused-vars
  Line 9391:15:   'scrollReviewGroupIntoView' is assigned a value but never used                                                                                                                                                                      @typescript-eslint/no-unused-vars
  Line 9726:15:   'reviewValueFontSize' is assigned a value but never used                                                                                                                                                                            @typescript-eslint/no-unused-vars
  Line 9734:15:   'introHeadline' is assigned a value but never used                                                                                                                                                                                  @typescript-eslint/no-unused-vars
  Line 10116:15:  'confirmFeeEarnerEmail' is assigned a value but never used                                                                                                                                                                          @typescript-eslint/no-unused-vars
  Line 10117:15:  'confirmFeeEarnerName' is assigned a value but never used                                                                                                                                                                           @typescript-eslint/no-unused-vars

src\components\modern\OperationsQueue.tsx
  Line 416:7:    'areaColour' is assigned a value but never used                                                                                                                                                                                                                              @typescript-eslint/no-unused-vars
  Line 540:10:   'txnV2Loading' is assigned a value but never used                                                                                                                                                                                                                            @typescript-eslint/no-unused-vars
  Line 540:24:   'setTxnV2Loading' is assigned a value but never used                                                                                                                                                                                                                         @typescript-eslint/no-unused-vars
  Line 578:10:   'showPaymentsLedger' is assigned a value but never used                                                                                                                                                                                                                      @typescript-eslint/no-unused-vars
  Line 578:30:   'setShowPaymentsLedger' is assigned a value but never used                                                                                                                                                                                                                   @typescript-eslint/no-unused-vars
  Line 752:6:    React Hook useCallback has a missing dependency: 'userInitials'. Either include it or remove the dependency array                                                                                                                                                            react-hooks/exhaustive-deps
  Line 848:38:   The ref value 'newV2TimersRef.current' will likely have changed by the time this effect cleanup function runs. If this ref points to a node rendered by React, copy 'newV2TimersRef.current' to a variable inside the effect, and use that variable in the cleanup function  react-hooks/exhaustive-deps
  Line 856:9:    'handleBankApprove' is assigned a value but never used                                                                                                                                                                                                                       @typescript-eslint/no-unused-vars
  Line 1326:6:   React Hook useMemo has a missing dependency: 'matchesTxnRange'. Either include it or remove the dependency array                                                                                                                                                             react-hooks/exhaustive-deps
  Line 1554:6:   React Hook useMemo has a missing dependency: 'matchesTxnRange'. Either include it or remove the dependency array                                                                                                                                                             react-hooks/exhaustive-deps
  Line 1556:9:   'txnFallbackItemsByStatus' is assigned a value but never used                                                                                                                                                                                                                @typescript-eslint/no-unused-vars
  Line 1569:6:   React Hook useMemo has a missing dependency: 'matchesTxnRange'. Either include it or remove the dependency array                                                                                                                                                             react-hooks/exhaustive-deps
  Line 1574:6:   React Hook useMemo has a missing dependency: 'matchesTxnRange'. Either include it or remove the dependency array                                                                                                                                                             react-hooks/exhaustive-deps
  Line 1640:6:   React Hook useMemo has a missing dependency: 'matchesTxnRange'. Either include it or remove the dependency array                                                                                                                                                             react-hooks/exhaustive-deps
  Line 1653:9:   'fallbackPreviewLabelLower' is assigned a value but never used                                                                                                                                                                                                               @typescript-eslint/no-unused-vars
  Line 1749:6:   React Hook useMemo has a missing dependency: 'COMPLETED_SECTIONS'. Either include it or remove the dependency array                                                                                                                                                          react-hooks/exhaustive-deps
  Line 1831:9:   'selectedBank' is assigned a value but never used                                                                                                                                                                                                                            @typescript-eslint/no-unused-vars
  Line 1976:9:   'renderCard' is assigned a value but never used                                                                                                                                                                                                                              @typescript-eslint/no-unused-vars
  Line 2807:23:  'statusLabel' is assigned a value but never used                                                                                                                                                                                                                             @typescript-eslint/no-unused-vars

src\components\states\AppLoadingScreen.tsx
  Line 35:9:  'completedCount' is assigned a value but never used                                                                @typescript-eslint/no-unused-vars
  Line 36:9:  'currentProcess' is assigned a value but never used                                                                @typescript-eslint/no-unused-vars
  Line 88:6:  React Hook useEffect has a missing dependency: 'microProcesses'. Either include it or remove the dependency array  react-hooks/exhaustive-deps

src\components\states\LoadingState.tsx
  Line 31:11:  'container' is assigned a value but never used  @typescript-eslint/no-unused-vars

src\hooks\useCognitoEmbed.ts
  Line 116:22:  The ref value 'containerRef.current' will likely have changed by the time this effect cleanup function runs. If this ref points to a node rendered by React, copy 'containerRef.current' to a variable inside the effect, and use that variable in the cleanup function  react-hooks/exhaustive-deps

src\hooks\useHomeMetricsStream.ts
  Line 77:6:   React Hook useCallback has missing dependencies: 'metrics' and 'stop'. Either include them or remove the dependency array                   react-hooks/exhaustive-deps
  Line 77:20:  React Hook useCallback has a complex expression in the dependency array. Extract it to a separate variable so it can be statically checked  react-hooks/exhaustive-deps

src\hooks\useRealtimeChannel.ts
  Line 2:28:  'trackClientError' is defined but never used  @typescript-eslint/no-unused-vars

src\hooks\useStreamingDatasets.ts
  Line 215:21:  'elapsedMs' is assigned a value but never used                                                             @typescript-eslint/no-unused-vars
  Line 316:6:   React Hook useCallback has a missing dependency: 'stop'. Either include it or remove the dependency array  react-hooks/exhaustive-deps
  Line 337:6:   React Hook useEffect has a missing dependency: 'start'. Either include it or remove the dependency array   react-hooks/exhaustive-deps

src\index.tsx
  Line 588:9:   'isLocalDev' is assigned a value but never used                                                                                                                                                                   @typescript-eslint/no-unused-vars
  Line 803:16:  'fetchAllMatters' is defined but never used                                                                                                                                                                       @typescript-eslint/no-unused-vars
  Line 810:16:  'fetchMatters' is defined but never used                                                                                                                                                                          @typescript-eslint/no-unused-vars
  Line 844:16:  'fetchVNetMatters' is defined but never used                                                                                                                                                                      @typescript-eslint/no-unused-vars
  Line 1358:9:  The 'optimisticClaimEnquiry' function makes the dependencies of useEffect Hook (at line 1433) change on every render. To fix this, wrap the definition of 'optimisticClaimEnquiry' in its own useCallback() Hook  react-hooks/exhaustive-deps
  Line 1651:6:  React Hook useEffect has a missing dependency: 'scheduleBackgroundReconciliation'. Either include it or remove the dependency array                                                                               react-hooks/exhaustive-deps
  Line 2821:6:  React Hook useEffect has missing dependencies: 'handleUserSelected', 'isSameSwitchIdentity', and 'localSupportSettings'. Either include them or remove the dependency array                                       react-hooks/exhaustive-deps

src\tabs\Reporting\AgedDebtsReport.tsx
  Line 31:9:  'textBody' is assigned a value but never used  @typescript-eslint/no-unused-vars

src\tabs\Reporting\AnnualLeaveReport.tsx
  Line 177:7:  'formatDateTag' is assigned a value but never used  @typescript-eslint/no-unused-vars

src\tabs\Reporting\CacheMonitor.tsx
  Line 3:10:   'FontIcon' is defined but never used       @typescript-eslint/no-unused-vars
  Line 106:9:  'body' is assigned a value but never used  @typescript-eslint/no-unused-vars

src\tabs\Reporting\DataCentre.tsx
  Line 5:10:     'DatePicker' is defined but never used                                                                                                                                                 @typescript-eslint/no-unused-vars
  Line 14:3:     'reportingShellBackground' is defined but never used                                                                                                                                   @typescript-eslint/no-unused-vars
  Line 381:7:    'bannerIconStyle' is assigned a value but never used                                                                                                                                   @typescript-eslint/no-unused-vars
  Line 386:7:    'bannerTextStyle' is assigned a value but never used                                                                                                                                   @typescript-eslint/no-unused-vars
  Line 392:7:    'bannerMetaStyle' is assigned a value but never used                                                                                                                                   @typescript-eslint/no-unused-vars
  Line 425:7:    'gridStyle' is assigned a value but never used                                                                                                                                         @typescript-eslint/no-unused-vars
  Line 431:7:    'getDatePickerProps' is assigned a value but never used                                                                                                                                @typescript-eslint/no-unused-vars
  Line 469:7:    'cardStyle' is assigned a value but never used                                                                                                                                         @typescript-eslint/no-unused-vars
  Line 480:7:    'cardHeaderStyle' is assigned a value but never used                                                                                                                                   @typescript-eslint/no-unused-vars
  Line 487:7:    'cardTitleStyle' is assigned a value but never used                                                                                                                                    @typescript-eslint/no-unused-vars
  Line 496:7:    'healthDotStyle' is assigned a value but never used                                                                                                                                    @typescript-eslint/no-unused-vars
  Line 509:7:    'feedRowStyle' is assigned a value but never used                                                                                                                                      @typescript-eslint/no-unused-vars
  Line 519:7:    'feedNameStyle' is assigned a value but never used                                                                                                                                     @typescript-eslint/no-unused-vars
  Line 615:10:   'logsExpanded' is assigned a value but never used                                                                                                                                      @typescript-eslint/no-unused-vars
  Line 623:10:   'previewContextLabel' is assigned a value but never used                                                                                                                               @typescript-eslint/no-unused-vars
  Line 632:20:   'setPlanData' is assigned a value but never used                                                                                                                                       @typescript-eslint/no-unused-vars
  Line 633:22:   'setIsPlanning' is assigned a value but never used                                                                                                                                     @typescript-eslint/no-unused-vars
  Line 640:10:   'opsLoading' is assigned a value but never used                                                                                                                                        @typescript-eslint/no-unused-vars
  Line 644:10:   'confirmingCollected' is assigned a value but never used                                                                                                                               @typescript-eslint/no-unused-vars
  Line 645:10:   'confirmingWip' is assigned a value but never used                                                                                                                                     @typescript-eslint/no-unused-vars
  Line 646:10:   'collectedConfirmChecked' is assigned a value but never used                                                                                                                           @typescript-eslint/no-unused-vars
  Line 647:10:   'wipConfirmChecked' is assigned a value but never used                                                                                                                                 @typescript-eslint/no-unused-vars
  Line 649:10:   'opsLogLoading' is assigned a value but never used                                                                                                                                     @typescript-eslint/no-unused-vars
  Line 650:10:   'wipWeekExclusionChecked' is assigned a value but never used                                                                                                                           @typescript-eslint/no-unused-vars
  Line 650:35:   'setWipWeekExclusionChecked' is assigned a value but never used                                                                                                                        @typescript-eslint/no-unused-vars
  Line 656:10:   'backfillLog' is assigned a value but never used                                                                                                                                       @typescript-eslint/no-unused-vars
  Line 665:10:   'dataHubLoading' is assigned a value but never used                                                                                                                                    @typescript-eslint/no-unused-vars
  Line 669:9:    'toggleCoverage' is assigned a value but never used                                                                                                                                    @typescript-eslint/no-unused-vars
  Line 811:10:   'driftCollected' is assigned a value but never used                                                                                                                                    @typescript-eslint/no-unused-vars
  Line 812:10:   'driftWip' is assigned a value but never used                                                                                                                                          @typescript-eslint/no-unused-vars
  Line 813:10:   'driftLoading' is assigned a value but never used                                                                                                                                      @typescript-eslint/no-unused-vars
  Line 815:9:    'checkDrift' is assigned a value but never used                                                                                                                                        @typescript-eslint/no-unused-vars
  Line 835:10:   'teamData' is assigned a value but never used                                                                                                                                          @typescript-eslint/no-unused-vars
  Line 836:10:   'teamOp' is assigned a value but never used                                                                                                                                            @typescript-eslint/no-unused-vars
  Line 837:10:   'teamLoading' is assigned a value but never used                                                                                                                                       @typescript-eslint/no-unused-vars
  Line 839:9:    'fetchTeamBreakdown' is assigned a value but never used                                                                                                                                @typescript-eslint/no-unused-vars
  Line 864:27:   'setMonthlyExpanded' is assigned a value but never used                                                                                                                                @typescript-eslint/no-unused-vars
  Line 980:9:    'applyPreset' is assigned a value but never used                                                                                                                                       @typescript-eslint/no-unused-vars
  Line 1065:9:   'setCustomDates' is assigned a value but never used                                                                                                                                    @typescript-eslint/no-unused-vars
  Line 1200:9:   'loadDataHub' is assigned a value but never used                                                                                                                                       @typescript-eslint/no-unused-vars
  Line 1436:6:   React Hook React.useCallback has missing dependencies: 'dataHubLoaded', 'fetchOpsLog', and 'userName'. Either include them or remove the dependency array                              react-hooks/exhaustive-deps
  Line 1438:9:   'handleWipSync' is assigned a value but never used                                                                                                                                     @typescript-eslint/no-unused-vars
  Line 1500:6:   React Hook React.useCallback has missing dependencies: 'dataHubLoaded', 'fetchOpsLog', 'showToast', 'updateToast', and 'userName'. Either include them or remove the dependency array  react-hooks/exhaustive-deps
  Line 1502:9:   'handleAbort' is assigned a value but never used                                                                                                                                       @typescript-eslint/no-unused-vars
  Line 1519:6:   React Hook React.useCallback has a missing dependency: 'showToast'. Either include it or remove the dependency array                                                                   react-hooks/exhaustive-deps
  Line 1521:9:   'isSyncBusy' is assigned a value but never used                                                                                                                                        @typescript-eslint/no-unused-vars
  Line 1566:9:   'collectedLastSync' is assigned a value but never used                                                                                                                                 @typescript-eslint/no-unused-vars
  Line 1588:9:   'collectedStaleness' is assigned a value but never used                                                                                                                                @typescript-eslint/no-unused-vars
  Line 1595:9:   'wipStaleness' is assigned a value but never used                                                                                                                                      @typescript-eslint/no-unused-vars
  Line 1661:11:  'isAutoEntry' is assigned a value but never used                                                                                                                                       @typescript-eslint/no-unused-vars
  Line 1711:9:   'wipWillExcludeCurrentWeek' is assigned a value but never used                                                                                                                         @typescript-eslint/no-unused-vars
  Line 1723:9:   'collectedValidatorOp' is assigned a value but never used                                                                                                                              @typescript-eslint/no-unused-vars
  Line 1735:9:   'wipValidatorOp' is assigned a value but never used                                                                                                                                    @typescript-eslint/no-unused-vars
  Line 1947:17:  'isError' is assigned a value but never used                                                                                                                                           @typescript-eslint/no-unused-vars
  Line 1948:17:  'isStartedOnly' is assigned a value but never used                                                                                                                                     @typescript-eslint/no-unused-vars

src\tabs\Reporting\EnquiriesReport.tsx
  Line 18:3:     'Legend' is defined but never used                                                                                @typescript-eslint/no-unused-vars
  Line 227:7:    'CustomPieLabel' is assigned a value but never used                                                               @typescript-eslint/no-unused-vars
  Line 984:7:    'pill' is assigned a value but never used                                                                         @typescript-eslint/no-unused-vars
  Line 1080:9:   'pitchCount' is assigned a value but never used                                                                   @typescript-eslint/no-unused-vars
  Line 1081:9:   'instructionCount' is assigned a value but never used                                                             @typescript-eslint/no-unused-vars
  Line 1535:9:   'roleCounts' is assigned a value but never used                                                                   @typescript-eslint/no-unused-vars
  Line 1815:6:   React Hook useMemo has a missing dependency: 'filteredDeduped'. Either include it or remove the dependency array  react-hooks/exhaustive-deps
  Line 1835:9:   'dailySummaries' is assigned a value but never used                                                               @typescript-eslint/no-unused-vars
  Line 1919:6:   React Hook useMemo has a missing dependency: 'isOnAnnualLeave'. Either include it or remove the dependency array  react-hooks/exhaustive-deps
  Line 1988:10:  'manualMigrationOverrides' is assigned a value but never used                                                     @typescript-eslint/no-unused-vars
  Line 2005:13:  'marketingSources' is assigned a value but never used                                                             @typescript-eslint/no-unused-vars

src\tabs\Reporting\EnquiryLedgerReport.tsx
  Line 279:11:  'isDarkMode' is assigned a value but never used  @typescript-eslint/no-unused-vars

src\tabs\Reporting\LogMonitor.tsx
  Line 267:9:  'disconnect' is assigned a value but never used  @typescript-eslint/no-unused-vars

src\tabs\Reporting\ManagementDashboard.tsx
  Line 1:37:     'useRef' is defined but never used                                                                                                                                                                      @typescript-eslint/no-unused-vars
  Line 1:55:     'useCallback' is defined but never used                                                                                                                                                                 @typescript-eslint/no-unused-vars
  Line 7:25:     'PrimaryButton' is defined but never used                                                                                                                                                               @typescript-eslint/no-unused-vars
  Line 9:10:     'Stack' is defined but never used                                                                                                                                                                       @typescript-eslint/no-unused-vars
  Line 16:20:    'debugWarn' is defined but never used                                                                                                                                                                   @typescript-eslint/no-unused-vars
  Line 345:7:    'clearAllTimeButtonStyle' is assigned a value but never used                                                                                                                                            @typescript-eslint/no-unused-vars
  Line 849:7:    'getTrendArrow' is assigned a value but never used                                                                                                                                                      @typescript-eslint/no-unused-vars
  Line 1018:6:   React Hook useEffect has a missing dependency: 'AUTO_REFRESH_INTERVAL'. Either include it or remove the dependency array                                                                                react-hooks/exhaustive-deps
  Line 1251:6:   React Hook useMemo has a missing dependency: 'withinRange'. Either include it or remove the dependency array                                                                                            react-hooks/exhaustive-deps
  Line 1261:6:   React Hook useMemo has a missing dependency: 'withinRange'. Either include it or remove the dependency array                                                                                            react-hooks/exhaustive-deps
  Line 1303:6:   React Hook useMemo has an unnecessary dependency: 'rangeKey'. Either exclude it or remove the dependency array                                                                                          react-hooks/exhaustive-deps
  Line 1331:6:   React Hook useMemo has a missing dependency: 'withinRange'. Either include it or remove the dependency array                                                                                            react-hooks/exhaustive-deps
  Line 1380:6:   React Hook useMemo has a missing dependency: 'MEMBER_ROLE_OVERRIDES'. Either include it or remove the dependency array                                                                                  react-hooks/exhaustive-deps
  Line 1403:6:   React Hook useMemo has missing dependencies: 'MEMBER_FILTER_GROUPS' and 'getMemberFilterGroupKey'. Either include them or remove the dependency array                                                   react-hooks/exhaustive-deps
  Line 1420:5:   React Hook useMemo has a missing dependency: 'getMemberFilterGroupKey'. Either include it or remove the dependency array                                                                                react-hooks/exhaustive-deps
  Line 1499:6:   React Hook useMemo has a missing dependency: 'withinRange'. Either include it or remove the dependency array                                                                                            react-hooks/exhaustive-deps
  Line 1514:6:   React Hook useMemo has a missing dependency: 'getMemberFilterGroupKey'. Either include it or remove the dependency array                                                                                react-hooks/exhaustive-deps
  Line 1659:6:   React Hook useMemo has missing dependencies: 'calculateTargetHours', 'endDate', 'rangeKey', 'rawAnnualLeave', 'startDate', and 'wasCompletelyAway'. Either include them or remove the dependency array  react-hooks/exhaustive-deps
  Line 1968:11:  'shortLabel' is assigned a value but never used                                                                                                                                                         @typescript-eslint/no-unused-vars
  Line 2153:9:   'isAllPresetActive' is assigned a value but never used                                                                                                                                                  @typescript-eslint/no-unused-vars

src\tabs\Reporting\MattersReport.tsx
  Line 3:10:     'Stack' is defined but never used                                                                                                                                                                                                   @typescript-eslint/no-unused-vars
  Line 17:5:     'BarChart' is defined but never used                                                                                                                                                                                                @typescript-eslint/no-unused-vars
  Line 18:5:     'Bar' is defined but never used                                                                                                                                                                                                     @typescript-eslint/no-unused-vars
  Line 19:5:     'CartesianGrid' is defined but never used                                                                                                                                                                                           @typescript-eslint/no-unused-vars
  Line 20:5:     'Tooltip' is defined but never used                                                                                                                                                                                                 @typescript-eslint/no-unused-vars
  Line 21:5:     'ResponsiveContainer' is defined but never used                                                                                                                                                                                     @typescript-eslint/no-unused-vars
  Line 22:5:     'XAxis' is defined but never used                                                                                                                                                                                                   @typescript-eslint/no-unused-vars
  Line 23:5:     'YAxis' is defined but never used                                                                                                                                                                                                   @typescript-eslint/no-unused-vars
  Line 24:5:     'Legend' is defined but never used                                                                                                                                                                                                  @typescript-eslint/no-unused-vars
  Line 25:5:     'LabelList' is defined but never used                                                                                                                                                                                               @typescript-eslint/no-unused-vars
  Line 27:178:   'endOfQuarter' is defined but never used                                                                                                                                                                                            @typescript-eslint/no-unused-vars
  Line 30:8:     'MatterOverview' is defined but never used                                                                                                                                                                                          @typescript-eslint/no-unused-vars
  Line 34:8:     'Slider' is defined but never used                                                                                                                                                                                                  @typescript-eslint/no-unused-vars
  Line 35:8:     'MattersCombinedMenu' is defined but never used                                                                                                                                                                                     @typescript-eslint/no-unused-vars
  Line 238:7:    'containerStyle' is assigned a value but never used                                                                                                                                                                                 @typescript-eslint/no-unused-vars
  Line 252:7:    'overviewCardStyle' is assigned a value but never used                                                                                                                                                                              @typescript-eslint/no-unused-vars
  Line 260:7:    'chartContainerStyle' is assigned a value but never used                                                                                                                                                                            @typescript-eslint/no-unused-vars
  Line 269:7:    'dateSliderContainerStyle' is assigned a value but never used                                                                                                                                                                       @typescript-eslint/no-unused-vars
  Line 399:7:    'renderCustomLegend' is assigned a value but never used                                                                                                                                                                             @typescript-eslint/no-unused-vars
  Line 434:7:    'CustomLabel' is assigned a value but never used                                                                                                                                                                                    @typescript-eslint/no-unused-vars
  Line 1111:25:  'setActiveState' is assigned a value but never used                                                                                                                                                                                 @typescript-eslint/no-unused-vars
  Line 1113:12:  'isSearchActive' is assigned a value but never used                                                                                                                                                                                 @typescript-eslint/no-unused-vars
  Line 1113:28:  'setSearchActive' is assigned a value but never used                                                                                                                                                                                @typescript-eslint/no-unused-vars
  Line 1628:8:   React Hook useCallback has a missing dependency: 'collectWebFormSignals'. Either include it or remove the dependency array                                                                                                          react-hooks/exhaustive-deps
  Line 1741:12:  'matterOverview' is assigned a value but never used                                                                                                                                                                                 @typescript-eslint/no-unused-vars
  Line 1744:12:  'overviewResponse' is assigned a value but never used                                                                                                                                                                               @typescript-eslint/no-unused-vars
  Line 1747:12:  'complianceData' is assigned a value but never used                                                                                                                                                                                 @typescript-eslint/no-unused-vars
  Line 1750:12:  'matterSpecificActivities' is assigned a value but never used                                                                                                                                                                       @typescript-eslint/no-unused-vars
  Line 1762:11:  'canAdjustWipRange' is assigned a value but never used                                                                                                                                                                              @typescript-eslint/no-unused-vars
  Line 1763:11:  'handleWipRangeSelect' is assigned a value but never used                                                                                                                                                                           @typescript-eslint/no-unused-vars
  Line 1779:11:  The 'minDate' object construction makes the dependencies of useMemo Hook (at line 1785) change on every render. Move it inside the useMemo callback. Alternatively, wrap the initialization of 'minDate' in its own useMemo() Hook  react-hooks/exhaustive-deps
  Line 1794:11:  'practiceAreasList' is assigned a value but never used                                                                                                                                                                              @typescript-eslint/no-unused-vars
  Line 1932:11:  'isWipOptionDisabled' is assigned a value but never used                                                                                                                                                                            @typescript-eslint/no-unused-vars
  Line 1950:11:  'mattersInDateRange' is assigned a value but never used                                                                                                                                                                             @typescript-eslint/no-unused-vars
  Line 2405:11:  'tableMatterLookup' is assigned a value but never used                                                                                                                                                                              @typescript-eslint/no-unused-vars
  Line 2416:11:  'hasBulkInspectionResults' is assigned a value but never used                                                                                                                                                                       @typescript-eslint/no-unused-vars
  Line 2448:11:  'groupedCounts' is assigned a value but never used                                                                                                                                                                                  @typescript-eslint/no-unused-vars
  Line 2458:11:  'monthlyGroupedCounts' is assigned a value but never used                                                                                                                                                                           @typescript-eslint/no-unused-vars
  Line 2520:8:   React Hook useEffect has a missing dependency: 'backButtonStyle'. Either include it or remove the dependency array                                                                                                                  react-hooks/exhaustive-deps

src\tabs\Reporting\ReceptionReport.tsx
  Line 1718:9:   'renderPhonePickupsStrip' is assigned a value but never used  @typescript-eslint/no-unused-vars
  Line 1798:11:  'enquiryStatus' is assigned a value but never used            @typescript-eslint/no-unused-vars
  Line 1799:11:  'instructionStatus' is assigned a value but never used        @typescript-eslint/no-unused-vars
  Line 1802:11:  'matterStatus' is assigned a value but never used             @typescript-eslint/no-unused-vars

src\tabs\Reporting\ReportingHome.tsx
  Line 1:1:      Unexpected Unicode BOM (Byte Order Mark)                                                                                                                unicode-bom
  Line 4:10:     'ActionButton' is defined but never used                                                                                                                @typescript-eslint/no-unused-vars
  Line 6:10:     'Spinner' is defined but never used                                                                                                                     @typescript-eslint/no-unused-vars
  Line 6:19:     'SpinnerSize' is defined but never used                                                                                                                 @typescript-eslint/no-unused-vars
  Line 12:23:    'FaClipboardList' is defined but never used                                                                                                             @typescript-eslint/no-unused-vars
  Line 12:40:    'FaFolderOpen' is defined but never used                                                                                                                @typescript-eslint/no-unused-vars
  Line 12:54:    'FaInbox' is defined but never used                                                                                                                     @typescript-eslint/no-unused-vars
  Line 28:8:     'HomePreview' is defined but never used                                                                                                                 @typescript-eslint/no-unused-vars
  Line 56:26:    'fetchJSON' is defined but never used                                                                                                                   @typescript-eslint/no-unused-vars
  Line 63:10:    'reportingPanelBackground' is defined but never used                                                                                                    @typescript-eslint/no-unused-vars
  Line 63:36:    'reportingPanelBorder' is defined but never used                                                                                                        @typescript-eslint/no-unused-vars
  Line 980:7:    'brandSurfaceLift' is assigned a value but never used                                                                                                   @typescript-eslint/no-unused-vars
  Line 1011:7:   'sectionSurfaceStyle' is assigned a value but never used                                                                                                @typescript-eslint/no-unused-vars
  Line 1026:7:   'heroRightMarkStyle' is assigned a value but never used                                                                                                 @typescript-eslint/no-unused-vars
  Line 1043:7:   'heroRightOverlayStyle' is assigned a value but never used                                                                                              @typescript-eslint/no-unused-vars
  Line 1054:7:   'reportsListStyle' is assigned a value but never used                                                                                                   @typescript-eslint/no-unused-vars
  Line 1063:7:   'reportRowStyle' is assigned a value but never used                                                                                                     @typescript-eslint/no-unused-vars
  Line 1077:7:   'reportRowHeaderStyle' is assigned a value but never used                                                                                               @typescript-eslint/no-unused-vars
  Line 1085:7:   'reportNameStyle' is assigned a value but never used                                                                                                    @typescript-eslint/no-unused-vars
  Line 1090:7:   'reportStatusStyle' is assigned a value but never used                                                                                                  @typescript-eslint/no-unused-vars
  Line 1096:7:   'dataFeedListStyle' is assigned a value but never used                                                                                                  @typescript-eslint/no-unused-vars
  Line 1102:7:   'feedRowStyle' is assigned a value but never used                                                                                                       @typescript-eslint/no-unused-vars
  Line 1114:7:   'feedLabelGroupStyle' is assigned a value but never used                                                                                                @typescript-eslint/no-unused-vars
  Line 1120:7:   'feedLabelStyle' is assigned a value but never used                                                                                                     @typescript-eslint/no-unused-vars
  Line 1125:7:   'feedMetaStyle' is assigned a value but never used                                                                                                      @typescript-eslint/no-unused-vars
  Line 1130:7:   'statusPillStyle' is assigned a value but never used                                                                                                    @typescript-eslint/no-unused-vars
  Line 1147:7:   'statusDotStyle' is assigned a value but never used                                                                                                     @typescript-eslint/no-unused-vars
  Line 1154:7:   'statusIconStyle' is assigned a value but never used                                                                                                    @typescript-eslint/no-unused-vars
  Line 1159:7:   'reportCardsGridStyle' is assigned a value but never used                                                                                               @typescript-eslint/no-unused-vars
  Line 1166:7:   'reportCardBaseStyle' is assigned a value but never used                                                                                                @typescript-eslint/no-unused-vars
  Line 1214:7:   'getReportCardBadgeBg' is assigned a value but never used                                                                                               @typescript-eslint/no-unused-vars
  Line 1218:7:   'dependencyChipsWrapStyle' is assigned a value but never used                                                                                           @typescript-eslint/no-unused-vars
  Line 1224:7:   'dependencyChipStyle' is assigned a value but never used                                                                                                @typescript-eslint/no-unused-vars
  Line 1237:7:   'dependencyDotStyle' is assigned a value but never used                                                                                                 @typescript-eslint/no-unused-vars
  Line 1245:7:   'formatPreviewRow' is assigned a value but never used                                                                                                   @typescript-eslint/no-unused-vars
  Line 1263:7:   'refreshProgressPanelStyle' is assigned a value but never used                                                                                          @typescript-eslint/no-unused-vars
  Line 1275:7:   'refreshProgressHeaderStyle' is assigned a value but never used                                                                                         @typescript-eslint/no-unused-vars
  Line 1284:7:   'refreshProgressDetailStyle' is assigned a value but never used                                                                                         @typescript-eslint/no-unused-vars
  Line 1290:7:   'refreshProgressDatasetListStyle' is assigned a value but never used                                                                                    @typescript-eslint/no-unused-vars
  Line 1296:7:   'refreshProgressDatasetRowStyle' is assigned a value but never used                                                                                     @typescript-eslint/no-unused-vars
  Line 1307:7:   'refreshProgressDatasetLabelStyle' is assigned a value but never used                                                                                   @typescript-eslint/no-unused-vars
  Line 1316:7:   'refreshProgressDatasetStatusStyle' is assigned a value but never used                                                                                  @typescript-eslint/no-unused-vars
  Line 1322:7:   'sectionTitleStyle' is assigned a value but never used                                                                                                  @typescript-eslint/no-unused-vars
  Line 1331:7:   'heroMetaRowStyle' is assigned a value but never used                                                                                                   @typescript-eslint/no-unused-vars
  Line 1338:7:   'heroContentStyle' is assigned a value but never used                                                                                                   @typescript-eslint/no-unused-vars
  Line 1347:7:   'heroLeftColumnStyle' is assigned a value but never used                                                                                                @typescript-eslint/no-unused-vars
  Line 1354:7:   'heroRightColumnStyle' is assigned a value but never used                                                                                               @typescript-eslint/no-unused-vars
  Line 1366:7:   'heroBadgeRowStyle' is assigned a value but never used                                                                                                  @typescript-eslint/no-unused-vars
  Line 1377:7:   'heroDescriptionStyle' is assigned a value but never used                                                                                               @typescript-eslint/no-unused-vars
  Line 1384:7:   'heroMetaChipStyle' is assigned a value but never used                                                                                                  @typescript-eslint/no-unused-vars
  Line 1397:7:   'heroCtaRowStyle' is assigned a value but never used                                                                                                    @typescript-eslint/no-unused-vars
  Line 1429:6:   'ReportCard' is already defined                                                                                                                         @typescript-eslint/no-redeclare
  Line 1436:7:   'conditionalButtonStyles' is assigned a value but never used                                                                                            @typescript-eslint/no-unused-vars
  Line 1648:7:   'formatTimestamp' is assigned a value but never used                                                                                                    @typescript-eslint/no-unused-vars
  Line 1653:10:  'convertClioToWipFormat' is defined but never used                                                                                                      @typescript-eslint/no-unused-vars
  Line 1707:7:   'formatCurrency' is assigned a value but never used                                                                                                     @typescript-eslint/no-unused-vars
  Line 1741:33:  'updateToast' is assigned a value but never used                                                                                                        @typescript-eslint/no-unused-vars
  Line 1794:10:  'heroHovered' is assigned a value but never used                                                                                                        @typescript-eslint/no-unused-vars
  Line 1794:23:  'setHeroHovered' is assigned a value but never used                                                                                                     @typescript-eslint/no-unused-vars
  Line 1813:9:   'isLocalhost' is assigned a value but never used                                                                                                        @typescript-eslint/no-unused-vars
  Line 2107:9:   'applyDemoDatasets' is assigned a value but never used                                                                                                  @typescript-eslint/no-unused-vars
  Line 2501:6:   React Hook useMemo has a missing dependency: 'datasetData.instructions'. Either include it or remove the dependency array                               react-hooks/exhaustive-deps
  Line 2505:29:  'setSelectedDateRange' is assigned a value but never used                                                                                               @typescript-eslint/no-unused-vars
  Line 2508:9:   'getActualDataRange' is assigned a value but never used                                                                                                 @typescript-eslint/no-unused-vars
  Line 2567:9:   'getFilteredDataByDateRange' is assigned a value but never used                                                                                         @typescript-eslint/no-unused-vars
  Line 2738:6:   React Hook useEffect has missing dependencies: 'isStreamingConnected' and 'startStreamingWithMemo'. Either include them or remove the dependency array  react-hooks/exhaustive-deps
  Line 2901:6:   React Hook useEffect has a missing dependency: 'enquiriesRangeKey'. Either include it or remove the dependency array                                    react-hooks/exhaustive-deps
  Line 2969:6:   React Hook useEffect has a missing dependency: 'enquiriesRangeKey'. Either include it or remove the dependency array                                    react-hooks/exhaustive-deps
  Line 3002:11:  'initials' is assigned a value but never used                                                                                                           @typescript-eslint/no-unused-vars
  Line 3208:13:  'lastMeta' is assigned a value but never used                                                                                                           @typescript-eslint/no-unused-vars
  Line 3632:6:   React Hook useCallback has a missing dependency: 'enquiriesRangeKey'. Either include it or remove the dependency array                                  react-hooks/exhaustive-deps
  Line 3700:6:   React Hook useCallback has a missing dependency: 'enquiriesRangeKey'. Either include it or remove the dependency array                                  react-hooks/exhaustive-deps
  Line 4032:6:   React Hook useEffect has a missing dependency: 'streamingDatasets'. Either include it or remove the dependency array                                    react-hooks/exhaustive-deps
  Line 4162:9:   'refreshDatasets' is assigned a value but never used                                                                                                    @typescript-eslint/no-unused-vars
  Line 4337:6:   React Hook useCallback has a missing dependency: 'enquiriesRangeKey'. Either include it or remove the dependency array                                  react-hooks/exhaustive-deps
  Line 4445:9:   'slimNotifiedLuke' is assigned a value but never used                                                                                                   @typescript-eslint/no-unused-vars
  Line 4651:9:   'canUseReports' is assigned a value but never used                                                                                                      @typescript-eslint/no-unused-vars
  Line 4790:6:   React Hook useMemo has an unnecessary dependency: 'datasetStatus.metaMetrics.status'. Either exclude it or remove the dependency array                  react-hooks/exhaustive-deps
  Line 4800:9:   'areRequiredDatasetsReady' is assigned a value but never used                                                                                           @typescript-eslint/no-unused-vars
  Line 4851:9:   'heroMetaItems' is assigned a value but never used                                                                                                      @typescript-eslint/no-unused-vars
  Line 4857:9:   'heroCollaboratorsLabel' is assigned a value but never used                                                                                             @typescript-eslint/no-unused-vars
  Line 5884:6:   React Hook useCallback has an unnecessary dependency: 'showToast'. Either exclude it or remove the dependency array                                     react-hooks/exhaustive-deps
  Line 5915:6:   React Hook useCallback has an unnecessary dependency: 'showToast'. Either exclude it or remove the dependency array                                     react-hooks/exhaustive-deps
  Line 5925:9:   'heroDescriptionCopy' is assigned a value but never used                                                                                                @typescript-eslint/no-unused-vars

src\tabs\Reporting\ResponseTimeReport.tsx
  Line 12:32:  'Cell' is defined but never used  @typescript-eslint/no-unused-vars

src\tabs\Reporting\SeoReport.tsx
  Line 1:17:    'useEffect' is defined but never used                        @typescript-eslint/no-unused-vars
  Line 7:25:    'PrimaryButton' is defined but never used                    @typescript-eslint/no-unused-vars
  Line 8:10:    'Spinner' is defined but never used                          @typescript-eslint/no-unused-vars
  Line 8:19:    'SpinnerSize' is defined but never used                      @typescript-eslint/no-unused-vars
  Line 9:10:    'Stack' is defined but never used                            @typescript-eslint/no-unused-vars
  Line 13:10:   'debugLog' is defined but never used                         @typescript-eslint/no-unused-vars
  Line 13:20:   'debugWarn' is defined but never used                        @typescript-eslint/no-unused-vars
  Line 269:7:   'formatCurrency' is assigned a value but never used          @typescript-eslint/no-unused-vars
  Line 378:10:  'channelData' is assigned a value but never used             @typescript-eslint/no-unused-vars
  Line 384:9:   'daysBetween' is assigned a value but never used             @typescript-eslint/no-unused-vars
  Line 409:9:   'handleCustomDateChange' is assigned a value but never used  @typescript-eslint/no-unused-vars

src\tabs\Reporting\YearOverYearComparison.tsx
  Line 112:7:   'formatHours' is assigned a value but never used            @typescript-eslint/no-unused-vars
  Line 144:30:  'setShowMonthlyProfile' is assigned a value but never used  @typescript-eslint/no-unused-vars
  Line 396:9:   'activeMetricMax' is assigned a value but never used        @typescript-eslint/no-unused-vars

src\tabs\Reporting\components\ReportShell.tsx
  Line 23:10:  'colours' is defined but never used                 @typescript-eslint/no-unused-vars
  Line 74:7:   'PRESET_GROUPS' is assigned a value but never used  @typescript-eslint/no-unused-vars

src\tabs\enquiries\CreateContactModal.tsx
  Line 313:6:  React Hook useCallback has a missing dependency: 'handleClose'. Either include it or remove the dependency array  react-hooks/exhaustive-deps

src\tabs\enquiries\EmailSignature.tsx
  Line 136:11:  'combined' is assigned a value but never used  @typescript-eslint/no-unused-vars

src\tabs\enquiries\Enquiries.tsx
  Line 2:85:     'useTransition' is defined but never used                                                                                                                                                                                                                                                                                  @typescript-eslint/no-unused-vars
  Line 3:8:      'ReactDOM' is defined but never used                                                                                                                                                                                                                                                                                       @typescript-eslint/no-unused-vars
  Line 8:10:     'MessageBar' is defined but never used                                                                                                                                                                                                                                                                                     @typescript-eslint/no-unused-vars
  Line 8:22:     'MessageBarType' is defined but never used                                                                                                                                                                                                                                                                                 @typescript-eslint/no-unused-vars
  Line 9:10:     'Link' is defined but never used                                                                                                                                                                                                                                                                                           @typescript-eslint/no-unused-vars
  Line 10:10:    'IconButton' is defined but never used                                                                                                                                                                                                                                                                                     @typescript-eslint/no-unused-vars
  Line 10:22:    'PrimaryButton' is defined but never used                                                                                                                                                                                                                                                                                  @typescript-eslint/no-unused-vars
  Line 10:37:    'DefaultButton' is defined but never used                                                                                                                                                                                                                                                                                  @typescript-eslint/no-unused-vars
  Line 10:52:    'ActionButton' is defined but never used                                                                                                                                                                                                                                                                                   @typescript-eslint/no-unused-vars
  Line 10:66:    'IButtonStyles' is defined but never used                                                                                                                                                                                                                                                                                  @typescript-eslint/no-unused-vars
  Line 12:10:    'initializeIcons' is defined but never used                                                                                                                                                                                                                                                                                @typescript-eslint/no-unused-vars
  Line 14:10:    'SearchBox' is defined but never used                                                                                                                                                                                                                                                                                      @typescript-eslint/no-unused-vars
  Line 17:8:     'PitchScenarioBadge' is defined but never used                                                                                                                                                                                                                                                                             @typescript-eslint/no-unused-vars
  Line 20:3:     'BarChart' is defined but never used                                                                                                                                                                                                                                                                                       @typescript-eslint/no-unused-vars
  Line 21:3:     'Bar' is defined but never used                                                                                                                                                                                                                                                                                            @typescript-eslint/no-unused-vars
  Line 22:3:     'CartesianGrid' is defined but never used                                                                                                                                                                                                                                                                                  @typescript-eslint/no-unused-vars
  Line 24:3:     'Tooltip' is defined but never used                                                                                                                                                                                                                                                                                        @typescript-eslint/no-unused-vars
  Line 25:3:     'ResponsiveContainer' is defined but never used                                                                                                                                                                                                                                                                            @typescript-eslint/no-unused-vars
  Line 26:3:     'Legend' is defined but never used                                                                                                                                                                                                                                                                                         @typescript-eslint/no-unused-vars
  Line 27:3:     'XAxis' is defined but never used                                                                                                                                                                                                                                                                                          @typescript-eslint/no-unused-vars
  Line 28:3:     'YAxis' is defined but never used                                                                                                                                                                                                                                                                                          @typescript-eslint/no-unused-vars
  Line 31:10:    'sharedSearchBoxContainerStyle' is defined but never used                                                                                                                                                                                                                                                                  @typescript-eslint/no-unused-vars
  Line 31:41:    'sharedSearchBoxStyle' is defined but never used                                                                                                                                                                                                                                                                           @typescript-eslint/no-unused-vars
  Line 34:8:     'EnquiryLineItem' is defined but never used                                                                                                                                                                                                                                                                                @typescript-eslint/no-unused-vars
  Line 35:8:     'NewUnclaimedEnquiryCard' is defined but never used                                                                                                                                                                                                                                                                        @typescript-eslint/no-unused-vars
  Line 36:8:     'ClaimedEnquiryCard' is defined but never used                                                                                                                                                                                                                                                                             @typescript-eslint/no-unused-vars
  Line 37:8:     'GroupedEnquiryCard' is defined but never used                                                                                                                                                                                                                                                                             @typescript-eslint/no-unused-vars
  Line 38:8:     'InlineWorkbench' is defined but never used                                                                                                                                                                                                                                                                                @typescript-eslint/no-unused-vars
  Line 44:8:     'SegmentedControl' is defined but never used                                                                                                                                                                                                                                                                               @typescript-eslint/no-unused-vars
  Line 48:8:     'UnclaimedEnquiries' is defined but never used                                                                                                                                                                                                                                                                             @typescript-eslint/no-unused-vars
  Line 53:8:     'TeamsLinkWidget' is defined but never used                                                                                                                                                                                                                                                                                @typescript-eslint/no-unused-vars
  Line 54:8:     'DataFreshnessIndicator' is defined but never used                                                                                                                                                                                                                                                                         @typescript-eslint/no-unused-vars
  Line 65:8:     'AreaCountCard' is defined but never used                                                                                                                                                                                                                                                                                  @typescript-eslint/no-unused-vars
  Line 71:8:     'Slider' is defined but never used                                                                                                                                                                                                                                                                                         @typescript-eslint/no-unused-vars
  Line 73:15:    'WorkbenchItem' is defined but never used                                                                                                                                                                                                                                                                                  @typescript-eslint/no-unused-vars
  Line 74:43:    'isSharedProspectRecord' is defined but never used                                                                                                                                                                                                                                                                         @typescript-eslint/no-unused-vars
  Line 75:27:    'isActuallyLocalhost' is defined but never used                                                                                                                                                                                                                                                                            @typescript-eslint/no-unused-vars
  Line 93:3:     'toRgba' is defined but never used                                                                                                                                                                                                                                                                                         @typescript-eslint/no-unused-vars
  Line 95:3:     'formatDateReceived' is defined but never used                                                                                                                                                                                                                                                                             @typescript-eslint/no-unused-vars
  Line 97:3:     'timeAgo' is defined but never used                                                                                                                                                                                                                                                                                        @typescript-eslint/no-unused-vars
  Line 98:3:     'timeAgoLong' is defined but never used                                                                                                                                                                                                                                                                                    @typescript-eslint/no-unused-vars
  Line 99:3:     'getCompactTimeDisplay' is defined but never used                                                                                                                                                                                                                                                                          @typescript-eslint/no-unused-vars
  Line 101:3:    'formatDaySeparatorLabel' is defined but never used                                                                                                                                                                                                                                                                        @typescript-eslint/no-unused-vars
  Line 102:3:    'getStackedTimeParts' is defined but never used                                                                                                                                                                                                                                                                            @typescript-eslint/no-unused-vars
  Line 103:3:    'formatClaimTime' is defined but never used                                                                                                                                                                                                                                                                                @typescript-eslint/no-unused-vars
  Line 104:3:    'calculateTimeDifference' is defined but never used                                                                                                                                                                                                                                                                        @typescript-eslint/no-unused-vars
  Line 105:3:    'getTimeDifferenceColors' is defined but never used                                                                                                                                                                                                                                                                        @typescript-eslint/no-unused-vars
  Line 109:3:    'ZERO_WIDTH_CHARACTERS_REGEX' is defined but never used                                                                                                                                                                                                                                                                    @typescript-eslint/no-unused-vars
  Line 110:3:    'DIACRITIC_CHARACTERS_REGEX' is defined but never used                                                                                                                                                                                                                                                                     @typescript-eslint/no-unused-vars
  Line 123:3:    'helixWatermarkSvg' is defined but never used                                                                                                                                                                                                                                                                              @typescript-eslint/no-unused-vars
  Line 124:3:    'injectEnquiryStyles' is defined but never used                                                                                                                                                                                                                                                                            @typescript-eslint/no-unused-vars
  Line 128:28:   'MiniChipProps' is defined but never used                                                                                                                                                                                                                                                                                  @typescript-eslint/no-unused-vars
  Line 506:9:    'getPromotionStatusSimple' is assigned a value but never used                                                                                                                                                                                                                                                              @typescript-eslint/no-unused-vars
  Line 542:9:    'getEnquiryWorkbenchKey' is assigned a value but never used                                                                                                                                                                                                                                                                @typescript-eslint/no-unused-vars
  Line 838:9:    'pipelineStageUi' is assigned a value but never used                                                                                                                                                                                                                                                                       @typescript-eslint/no-unused-vars
  Line 1090:6:   React Hook useEffect has missing dependencies: 'CHIP_MIN_WIDTHS.full', 'CHIP_MIN_WIDTHS.icon', and 'CHIP_MIN_WIDTHS.short'. Either include them or remove the dependency array                                                                                                                                             react-hooks/exhaustive-deps
  Line 1120:9:   'handleSortClick' is assigned a value but never used                                                                                                                                                                                                                                                                       @typescript-eslint/no-unused-vars
  Line 1138:25:  'setHoveredDayKey' is assigned a value but never used                                                                                                                                                                                                                                                                      @typescript-eslint/no-unused-vars
  Line 1139:10:  'hoveredDayKeyReady' is assigned a value but never used                                                                                                                                                                                                                                                                    @typescript-eslint/no-unused-vars
  Line 1140:25:  'setHoveredRowKey' is assigned a value but never used                                                                                                                                                                                                                                                                      @typescript-eslint/no-unused-vars
  Line 1141:10:  'hoveredRowKeyReady' is assigned a value but never used                                                                                                                                                                                                                                                                    @typescript-eslint/no-unused-vars
  Line 1201:9:   'toggleDayCollapse' is assigned a value but never used                                                                                                                                                                                                                                                                     @typescript-eslint/no-unused-vars
  Line 1355:6:   React Hook useCallback has a missing dependency: 'onTeamWideEnquiriesLoaded'. Either include it or remove the dependency array. If 'onTeamWideEnquiriesLoaded' changes too often, find the parent component that defines it and wrap that definition in useCallback                                                        react-hooks/exhaustive-deps
  Line 1421:10:  'twoColumn' is assigned a value but never used                                                                                                                                                                                                                                                                             @typescript-eslint/no-unused-vars
  Line 1421:21:  'setTwoColumn' is assigned a value but never used                                                                                                                                                                                                                                                                          @typescript-eslint/no-unused-vars
  Line 1425:9:   'isVSCodeWebview' is assigned a value but never used                                                                                                                                                                                                                                                                       @typescript-eslint/no-unused-vars
  Line 1455:10:  'deletePasscode' is assigned a value but never used                                                                                                                                                                                                                                                                        @typescript-eslint/no-unused-vars
  Line 1455:26:  'setDeletePasscode' is assigned a value but never used                                                                                                                                                                                                                                                                     @typescript-eslint/no-unused-vars
  Line 1469:24:  'setSelectedArea' is assigned a value but never used                                                                                                                                                                                                                                                                       @typescript-eslint/no-unused-vars
  Line 1471:10:  'isSearchActive' is assigned a value but never used                                                                                                                                                                                                                                                                        @typescript-eslint/no-unused-vars
  Line 1471:26:  'setSearchActive' is assigned a value but never used                                                                                                                                                                                                                                                                       @typescript-eslint/no-unused-vars
  Line 1474:27:  'setShowGroupedView' is assigned a value but never used                                                                                                                                                                                                                                                                    @typescript-eslint/no-unused-vars
  Line 1486:9:   'showDealCapture' is assigned a value but never used                                                                                                                                                                                                                                                                       @typescript-eslint/no-unused-vars
  Line 1489:10:  'lastRefreshTime' is assigned a value but never used                                                                                                                                                                                                                                                                       @typescript-eslint/no-unused-vars
  Line 1932:9:   'userRole' is assigned a value but never used                                                                                                                                                                                                                                                                              @typescript-eslint/no-unused-vars
  Line 1933:9:   'userFullName' is assigned a value but never used                                                                                                                                                                                                                                                                          @typescript-eslint/no-unused-vars
  Line 1946:9:   'hasInstructionsAndMoreAccess' is assigned a value but never used                                                                                                                                                                                                                                                          @typescript-eslint/no-unused-vars
  Line 1948:10:  'debugRaw' is assigned a value but never used                                                                                                                                                                                                                                                                              @typescript-eslint/no-unused-vars
  Line 1948:20:  'setDebugRaw' is assigned a value but never used                                                                                                                                                                                                                                                                           @typescript-eslint/no-unused-vars
  Line 1949:10:  'debugLoading' is assigned a value but never used                                                                                                                                                                                                                                                                          @typescript-eslint/no-unused-vars
  Line 1949:24:  'setDebugLoading' is assigned a value but never used                                                                                                                                                                                                                                                                       @typescript-eslint/no-unused-vars
  Line 2120:39:  The ref value 'searchTimeoutRef.current' will likely have changed by the time this effect cleanup function runs. If this ref points to a node rendered by React, copy 'searchTimeoutRef.current' to a variable inside the effect, and use that variable in the cleanup function                                            react-hooks/exhaustive-deps
  Line 2154:6:   React Hook useEffect has a missing dependency: 'selectedPersonInitials'. Either include it or remove the dependency array                                                                                                                                                                                                  react-hooks/exhaustive-deps
  Line 2240:11:  'legacyCount' is assigned a value but never used                                                                                                                                                                                                                                                                           @typescript-eslint/no-unused-vars
  Line 2258:6:   React Hook useEffect has a missing dependency: 'displayEnquiries.length'. Either include it or remove the dependency array                                                                                                                                                                                                 react-hooks/exhaustive-deps
  Line 2725:6:   React Hook useEffect has a missing dependency: 'isAdmin'. Either include it or remove the dependency array                                                                                                                                                                                                                 react-hooks/exhaustive-deps
  Line 2747:6:   React Hook useEffect has a missing dependency: 'selectedAreas'. Either include it or remove the dependency array                                                                                                                                                                                                           react-hooks/exhaustive-deps
  Line 2815:6:   React Hook useEffect has a missing dependency: 'displayEnquiries'. Either include it or remove the dependency array                                                                                                                                                                                                        react-hooks/exhaustive-deps
  Line 2847:6:   React Hook useEffect has a missing dependency: 'selectedAreas'. Either include it or remove the dependency array                                                                                                                                                                                                           react-hooks/exhaustive-deps
  Line 2899:6:   React Hook useEffect has missing dependencies: 'isLoadingAllData' and 'teamWideEnquiries.length'. Either include them or remove the dependency array                                                                                                                                                                       react-hooks/exhaustive-deps
  Line 2924:9:   'toggleDashboard' is assigned a value but never used                                                                                                                                                                                                                                                                       @typescript-eslint/no-unused-vars
  Line 2941:9:   'toggleUnclaimedBoard' is assigned a value but never used                                                                                                                                                                                                                                                                  @typescript-eslint/no-unused-vars
  Line 3033:11:  'timeBucketKey' is assigned a value but never used                                                                                                                                                                                                                                                                         @typescript-eslint/no-unused-vars
  Line 3208:6:   React Hook useMemo has missing dependencies: 'hasActiveSearch', 'isIdSearch', and 'isUnclaimedPoc'. Either include them or remove the dependency array                                                                                                                                                                     react-hooks/exhaustive-deps
  Line 3228:7:   'claimedCount' is assigned a value but never used                                                                                                                                                                                                                                                                          @typescript-eslint/no-unused-vars
  Line 3280:9:   'todaysUnclaimedCount' is assigned a value but never used                                                                                                                                                                                                                                                                  @typescript-eslint/no-unused-vars
  Line 3307:9:   'monthlyEnquiryCounts' is assigned a value but never used                                                                                                                                                                                                                                                                  @typescript-eslint/no-unused-vars
  Line 3354:9:   'handleSubTabChange' is assigned a value but never used                                                                                                                                                                                                                                                                    @typescript-eslint/no-unused-vars
  Line 3491:11:  'currentTouchpoint' is assigned a value but never used                                                                                                                                                                                                                                                                     @typescript-eslint/no-unused-vars
  Line 3591:11:  'pitchedDate' is assigned a value but never used                                                                                                                                                                                                                                                                           @typescript-eslint/no-unused-vars
  Line 3950:9:   'handleAreaChange' is assigned a value but never used                                                                                                                                                                                                                                                                      @typescript-eslint/no-unused-vars
  Line 4005:6:   React Hook useCallback has missing dependencies: 'allEnquiries' and 'showToast'. Either include them or remove the dependency array                                                                                                                                                                                        react-hooks/exhaustive-deps
  Line 4007:9:   'handleSaveEnquiry' is assigned a value but never used                                                                                                                                                                                                                                                                     @typescript-eslint/no-unused-vars
  Line 4037:6:   React Hook useCallback has a missing dependency: 'allEnquiries'. Either include it or remove the dependency array                                                                                                                                                                                                          react-hooks/exhaustive-deps
  Line 4094:6:   React Hook useCallback has missing dependencies: 'allEnquiries' and 'showToast'. Either include them or remove the dependency array                                                                                                                                                                                        react-hooks/exhaustive-deps
  Line 4159:6:   React Hook useCallback has a missing dependency: 'showToast'. Either include it or remove the dependency array                                                                                                                                                                                                             react-hooks/exhaustive-deps
  Line 4327:6:   React Hook useCallback has a missing dependency: 'showToast'. Either include it or remove the dependency array                                                                                                                                                                                                             react-hooks/exhaustive-deps
  Line 4330:9:   'handleFilterByPerson' is assigned a value but never used                                                                                                                                                                                                                                                                  @typescript-eslint/no-unused-vars
  Line 4344:11:  'skipAoWFilters' is assigned a value but never used                                                                                                                                                                                                                                                                        @typescript-eslint/no-unused-vars
  Line 4350:15:  'beforeCount' is assigned a value but never used                                                                                                                                                                                                                                                                           @typescript-eslint/no-unused-vars
  Line 4516:17:  'instructionRef' is assigned a value but never used                                                                                                                                                                                                                                                                        @typescript-eslint/no-unused-vars
  Line 4566:6:   React Hook useMemo has missing dependencies: 'claimedContactDaySet', 'claimerMap', and 'getEnquiryWorkbenchItem'. Either include them or remove the dependency array                                                                                                                                                       react-hooks/exhaustive-deps
  Line 4850:6:   React Hook useMemo has an unnecessary dependency: 'sortColumn'. Either exclude it or remove the dependency array                                                                                                                                                                                                           react-hooks/exhaustive-deps
  Line 4865:9:   'dayCounts' is assigned a value but never used                                                                                                                                                                                                                                                                             @typescript-eslint/no-unused-vars
  Line 4948:9:   'handleLoadMore' is assigned a value but never used                                                                                                                                                                                                                                                                        @typescript-eslint/no-unused-vars
  Line 5120:6:   React Hook useEffect has missing dependencies: 'displayedItems', 'enrichmentMap', 'isLocalhost', and 'visibleEnquiryIds'. Either include them or remove the dependency array                                                                                                                                               react-hooks/exhaustive-deps
  Line 5212:6:   React Hook useEffect has missing dependencies: 'displayedItems' and 'enrichmentMap'. Either include them or remove the dependency array                                                                                                                                                                                    react-hooks/exhaustive-deps
  Line 5489:9:   'ACTION_BAR_HEIGHT' is assigned a value but never used                                                                                                                                                                                                                                                                     @typescript-eslint/no-unused-vars
  Line 5491:9:   The 'ratingOptions' array makes the dependencies of useCallback Hook (at line 5621) change on every render. Move it inside the useCallback callback. Alternatively, wrap the initialization of 'ratingOptions' in its own useMemo() Hook                                                                                   react-hooks/exhaustive-deps
  Line 5577:9:   'renderRatingOptions' is assigned a value but never used                                                                                                                                                                                                                                                                   @typescript-eslint/no-unused-vars
  Line 5659:3:   React Hook useCallback has missing dependencies: 'demoModeEnabled' and 'handleShareEnquiry'. Either include them or remove the dependency array                                                                                                                                                                            react-hooks/exhaustive-deps
  Line 5662:9:   'enquiriesCountPerMember' is assigned a value but never used                                                                                                                                                                                                                                                               @typescript-eslint/no-unused-vars
  Line 5687:9:   'enquiriesCountPerArea' is assigned a value but never used                                                                                                                                                                                                                                                                 @typescript-eslint/no-unused-vars
  Line 5712:9:   'loggedInUserInitials' is assigned a value but never used                                                                                                                                                                                                                                                                  @typescript-eslint/no-unused-vars
  Line 5719:9:   'getMonthlyCountByArea' is assigned a value but never used                                                                                                                                                                                                                                                                 @typescript-eslint/no-unused-vars
  Line 5736:12:  'getAreaIcon' is defined but never used                                                                                                                                                                                                                                                                                    @typescript-eslint/no-unused-vars
  Line 5892:9:   'renderCustomLegend' is assigned a value but never used                                                                                                                                                                                                                                                                    @typescript-eslint/no-unused-vars
  Line 5939:9:   'isFilterTransitioning' is assigned a value but never used                                                                                                                                                                                                                                                                 @typescript-eslint/no-unused-vars
  Line 6148:6:   React Hook useLayoutEffect has missing dependencies: 'currentMineScopeOption.email', 'currentMineScopeOption.fullLabel', 'currentMineScopeOption.label', 'devOwnerMineOptions', 'handleSearchChange', 'isLoadingAllData', 'isRealtimeQueueSyncing', and 'scopeCounts'. Either include them or remove the dependency array  react-hooks/exhaustive-deps
  Line 6222:7:   React Hook useMemo has unnecessary dependencies: 'getAreaSpecificChannelUrl' and 'getScenarioColor'. Either exclude them or remove the dependency array. Outer scope values like 'getAreaSpecificChannelUrl' aren't valid dependencies because mutating them doesn't re-render the component                               react-hooks/exhaustive-deps
  Line 6254:7:   React Hook useMemo has an unnecessary dependency: 'combineDateAndTime'. Either exclude it or remove the dependency array. Outer scope values like 'combineDateAndTime' aren't valid dependencies because mutating them doesn't re-render the component                                                                     react-hooks/exhaustive-deps
  Line 6268:9:   'prospectsLoadingLabel' is assigned a value but never used                                                                                                                                                                                                                                                                 @typescript-eslint/no-unused-vars
  Line 6808:37:  'headerHasMore' is assigned a value but never used                                                                                                                                                                                                                                                                         @typescript-eslint/no-unused-vars
  Line 7341:29:  'isLast' is assigned a value but never used                                                                                                                                                                                                                                                                                @typescript-eslint/no-unused-vars
  Line 7533:35:  'childCompanyName' is assigned a value but never used                                                                                                                                                                                                                                                                      @typescript-eslint/no-unused-vars
  Line 7539:35:  'childClaimerSecondary' is assigned a value but never used                                                                                                                                                                                                                                                                 @typescript-eslint/no-unused-vars
  Line 7830:41:  'hasValidClaimTime' is assigned a value but never used                                                                                                                                                                                                                                                                     @typescript-eslint/no-unused-vars
  Line 7831:41:  'hasValidPitchTime' is assigned a value but never used                                                                                                                                                                                                                                                                     @typescript-eslint/no-unused-vars
  Line 7833:41:  'calculateDuration' is assigned a value but never used                                                                                                                                                                                                                                                                     @typescript-eslint/no-unused-vars
  Line 7855:41:  'formatDateTime' is assigned a value but never used                                                                                                                                                                                                                                                                        @typescript-eslint/no-unused-vars
  Line 7961:41:  'showNotResolvable' is assigned a value but never used                                                                                                                                                                                                                                                                     @typescript-eslint/no-unused-vars
  Line 8022:51:  'pocColor' is assigned a value but never used                                                                                                                                                                                                                                                                              @typescript-eslint/no-unused-vars
  Line 8023:51:  'teamsIconColor' is assigned a value but never used                                                                                                                                                                                                                                                                        @typescript-eslint/no-unused-vars

src\tabs\enquiries\EnquiryBadge.tsx
  Line 3:10:   'MessageBar' is defined but never used            @typescript-eslint/no-unused-vars
  Line 3:22:   'MessageBarType' is defined but never used        @typescript-eslint/no-unused-vars
  Line 7:20:   'isToday' is defined but never used               @typescript-eslint/no-unused-vars
  Line 54:10:  'LiveEnquiryAgeBadge' is defined but never used   @typescript-eslint/no-unused-vars
  Line 139:9:  'formatDate' is assigned a value but never used   @typescript-eslint/no-unused-vars
  Line 171:9:  'neutralText' is assigned a value but never used  @typescript-eslint/no-unused-vars
  Line 172:9:  'subtleText' is assigned a value but never used   @typescript-eslint/no-unused-vars
  Line 174:9:  'isNewData' is assigned a value but never used    @typescript-eslint/no-unused-vars

src\tabs\enquiries\EnquiryTimeline.tsx
  Line 6:8:      'SectionCard' is defined but never used                                                                                                                                                                                                                                         @typescript-eslint/no-unused-vars
  Line 8:42:     'FaCheck' is defined but never used                                                                                                                                                                                                                                             @typescript-eslint/no-unused-vars
  Line 8:51:     'FaCheckCircle' is defined but never used                                                                                                                                                                                                                                       @typescript-eslint/no-unused-vars
  Line 8:66:     'FaCircle' is defined but never used                                                                                                                                                                                                                                            @typescript-eslint/no-unused-vars
  Line 8:98:     'FaCalendar' is defined but never used                                                                                                                                                                                                                                          @typescript-eslint/no-unused-vars
  Line 8:139:    'FaChevronUp' is defined but never used                                                                                                                                                                                                                                         @typescript-eslint/no-unused-vars
  Line 8:165:    'FaClipboard' is defined but never used                                                                                                                                                                                                                                         @typescript-eslint/no-unused-vars
  Line 8:205:    'FaIdCard' is defined but never used                                                                                                                                                                                                                                            @typescript-eslint/no-unused-vars
  Line 8:228:    'FaFolderOpen' is defined but never used                                                                                                                                                                                                                                        @typescript-eslint/no-unused-vars
  Line 8:265:    'FaBuilding' is defined but never used                                                                                                                                                                                                                                          @typescript-eslint/no-unused-vars
  Line 8:277:    'FaHome' is defined but never used                                                                                                                                                                                                                                              @typescript-eslint/no-unused-vars
  Line 8:285:    'FaHardHat' is defined but never used                                                                                                                                                                                                                                           @typescript-eslint/no-unused-vars
  Line 8:296:    'FaBriefcase' is defined but never used                                                                                                                                                                                                                                         @typescript-eslint/no-unused-vars
  Line 8:309:    'FaUsers' is defined but never used                                                                                                                                                                                                                                             @typescript-eslint/no-unused-vars
  Line 8:318:    'FaUserClock' is defined but never used                                                                                                                                                                                                                                         @typescript-eslint/no-unused-vars
  Line 8:331:    'FaKey' is defined but never used                                                                                                                                                                                                                                               @typescript-eslint/no-unused-vars
  Line 8:347:    'FaQuestionCircle' is defined but never used                                                                                                                                                                                                                                    @typescript-eslint/no-unused-vars
  Line 8:365:    'FaCopy' is defined but never used                                                                                                                                                                                                                                              @typescript-eslint/no-unused-vars
  Line 8:373:    'FaCreditCard' is defined but never used                                                                                                                                                                                                                                        @typescript-eslint/no-unused-vars
  Line 8:387:    'FaFolder' is defined but never used                                                                                                                                                                                                                                            @typescript-eslint/no-unused-vars
  Line 8:397:    'FaUserPlus' is defined but never used                                                                                                                                                                                                                                          @typescript-eslint/no-unused-vars
  Line 478:6:    React Hook useEffect has a missing dependency: 'filename'. Either include it or remove the dependency array                                                                                                                                                                     react-hooks/exhaustive-deps
  Line 741:7:    'TIMELINE_SOURCES' is assigned a value but never used                                                                                                                                                                                                                           @typescript-eslint/no-unused-vars
  Line 862:10:   'loadingStates' is assigned a value but never used                                                                                                                                                                                                                              @typescript-eslint/no-unused-vars
  Line 868:10:   'sourceProgress' is assigned a value but never used                                                                                                                                                                                                                             @typescript-eslint/no-unused-vars
  Line 869:10:   'completedSources' is assigned a value but never used                                                                                                                                                                                                                           @typescript-eslint/no-unused-vars
  Line 876:10:   'copiedContact' is assigned a value but never used                                                                                                                                                                                                                              @typescript-eslint/no-unused-vars
  Line 1069:6:   React Hook useMemo has a missing dependency: 'filterTimelineToWindow'. Either include it or remove the dependency array                                                                                                                                                         react-hooks/exhaustive-deps
  Line 1125:9:   'getAreaIcon' is assigned a value but never used                                                                                                                                                                                                                                @typescript-eslint/no-unused-vars
  Line 1165:9:   'derivePocInitials' is assigned a value but never used                                                                                                                                                                                                                          @typescript-eslint/no-unused-vars
  Line 1176:39:  Unnecessary escape character: \-                                                                                                                                                                                                                                                no-useless-escape
  Line 1603:6:   React Hook useEffect has a missing dependency: 'enquiry'. Either include it or remove the dependency array. If 'setDocRequestServiceDescription' needs the current value of 'enquiry', you can also switch to useReducer instead of useState and read 'enquiry' in the reducer  react-hooks/exhaustive-deps
  Line 1813:9:   'handleCopy' is assigned a value but never used                                                                                                                                                                                                                                 @typescript-eslint/no-unused-vars
  Line 1959:9:   'openPitchBuilder' is assigned a value but never used                                                                                                                                                                                                                           @typescript-eslint/no-unused-vars
  Line 1977:9:   'handlePitchConfirmed' is assigned a value but never used                                                                                                                                                                                                                       @typescript-eslint/no-unused-vars
  Line 2506:6:   React Hook useEffect has missing dependencies: 'enquiry', 'ensureDocWorkspaceShell', 'fetchDocRequestStatus', 'readStoredDocWorkspace', and 'writeStoredDocWorkspace'. Either include them or remove the dependency array                                                       react-hooks/exhaustive-deps
  Line 2509:9:   'handleManualSync' is assigned a value but never used                                                                                                                                                                                                                           @typescript-eslint/no-unused-vars
  Line 4040:6:   React Hook useEffect has missing dependencies: 'demoModeEnabled', 'enquiry', 'enrichmentPitchData', 'filterTimelineToWindow', and 'userEmail'. Either include them or remove the dependency array                                                                               react-hooks/exhaustive-deps
  Line 4302:6:   React Hook useEffect has a missing dependency: 'enquiry'. Either include it or remove the dependency array                                                                                                                                                                      react-hooks/exhaustive-deps
  Line 4329:6:   React Hook useEffect has a missing dependency: 'scopedTimeline'. Either include it or remove the dependency array                                                                                                                                                               react-hooks/exhaustive-deps
  Line 4374:6:   React Hook useEffect has a missing dependency: 'scopedTimeline'. Either include it or remove the dependency array                                                                                                                                                               react-hooks/exhaustive-deps
  Line 4423:9:   'getTypeCategory' is assigned a value but never used                                                                                                                                                                                                                            @typescript-eslint/no-unused-vars
  Line 4466:9:   'statusColors' is assigned a value but never used                                                                                                                                                                                                                               @typescript-eslint/no-unused-vars
  Line 4515:9:   'getTypeSummaryLabel' is assigned a value but never used                                                                                                                                                                                                                        @typescript-eslint/no-unused-vars
  Line 4808:9:   'getDocumentDownloadHref' is assigned a value but never used                                                                                                                                                                                                                    @typescript-eslint/no-unused-vars
  Line 4857:9:   'getTotalCommunications' is assigned a value but never used                                                                                                                                                                                                                     @typescript-eslint/no-unused-vars
  Line 4858:9:   'getDaysSinceFirstContact' is assigned a value but never used                                                                                                                                                                                                                   @typescript-eslint/no-unused-vars
  Line 5166:6:   React Hook useMemo has an unnecessary dependency: 'pitchCount'. Either exclude it or remove the dependency array                                                                                                                                                                react-hooks/exhaustive-deps
  Line 5269:9:   'hasPitchForHeader' is assigned a value but never used                                                                                                                                                                                                                          @typescript-eslint/no-unused-vars
  Line 5379:21:  'workbenchPitchStatus' is assigned a value but never used                                                                                                                                                                                                                       @typescript-eslint/no-unused-vars
  Line 5451:21:  'eidStatus' is assigned a value but never used                                                                                                                                                                                                                                  @typescript-eslint/no-unused-vars
  Line 5473:21:  'hasFailedPayment' is assigned a value but never used                                                                                                                                                                                                                           @typescript-eslint/no-unused-vars
  Line 5477:21:  'riskComplete' is assigned a value but never used                                                                                                                                                                                                                               @typescript-eslint/no-unused-vars
  Line 5478:21:  'isHighRisk' is assigned a value but never used                                                                                                                                                                                                                                 @typescript-eslint/no-unused-vars
  Line 5479:21:  'isMediumRisk' is assigned a value but never used                                                                                                                                                                                                                               @typescript-eslint/no-unused-vars
  Line 5485:21:  'hasMatter' is assigned a value but never used                                                                                                                                                                                                                                  @typescript-eslint/no-unused-vars
  Line 5491:21:  'hasDocs' is assigned a value but never used                                                                                                                                                                                                                                    @typescript-eslint/no-unused-vars
  Line 5530:21:  'latestPitchScenarioId' is assigned a value but never used                                                                                                                                                                                                                      @typescript-eslint/no-unused-vars
  Line 5537:21:  'getPitchScenarioIcon' is assigned a value but never used                                                                                                                                                                                                                       @typescript-eslint/no-unused-vars
  Line 6533:37:  'holdingDocs' is assigned a value but never used                                                                                                                                                                                                                                @typescript-eslint/no-unused-vars

src\tabs\enquiries\NewUnclaimedEnquiryCard.tsx
  Line 267:5:  The attribute aria-selected is not supported by the role article  jsx-a11y/role-supports-aria-props

src\tabs\enquiries\PitchBuilder.tsx
  Line 3:10:      'Dropdown' is defined but never used                                                                                                                                                                                                                              @typescript-eslint/no-unused-vars
  Line 7:10:      'Label' is defined but never used                                                                                                                                                                                                                                 @typescript-eslint/no-unused-vars
  Line 11:10:     'Separator' is defined but never used                                                                                                                                                                                                                             @typescript-eslint/no-unused-vars
  Line 13:10:     'Checkbox' is defined but never used                                                                                                                                                                                                                              @typescript-eslint/no-unused-vars
  Line 17:10:     'TooltipHost' is defined but never used                                                                                                                                                                                                                           @typescript-eslint/no-unused-vars
  Line 21:8:      'BubbleTextField' is defined but never used                                                                                                                                                                                                                       @typescript-eslint/no-unused-vars
  Line 37:3:      'sharedDraftConfirmedButtonStyles' is defined but never used                                                                                                                                                                                                      @typescript-eslint/no-unused-vars
  Line 38:3:      'inlineOptionButtonStyles' is defined but never used                                                                                                                                                                                                              @typescript-eslint/no-unused-vars
  Line 41:3:      'sharedEditorStyle' is defined but never used                                                                                                                                                                                                                     @typescript-eslint/no-unused-vars
  Line 42:3:      'sharedOptionsDropdownStyles' is defined but never used                                                                                                                                                                                                           @typescript-eslint/no-unused-vars
  Line 48:10:     'addDays' is defined but never used                                                                                                                                                                                                                               @typescript-eslint/no-unused-vars
  Line 51:10:     'placeholderSuggestions' is defined but never used                                                                                                                                                                                                                @typescript-eslint/no-unused-vars
  Line 61:10:     'inputFieldStyle' is defined but never used                                                                                                                                                                                                                       @typescript-eslint/no-unused-vars
  Line 75:13:     'mod' is assigned a value but never used                                                                                                                                                                                                                          @typescript-eslint/no-unused-vars
  Line 126:11:    'ApiCallLog' is defined but never used                                                                                                                                                                                                                            @typescript-eslint/no-unused-vars
  Line 148:31:    Unnecessary escape character: \[                                                                                                                                                                                                                                  no-useless-escape
  Line 148:35:    Unnecessary escape character: \.                                                                                                                                                                                                                                  no-useless-escape
  Line 590:9:     'RevealCopyField' is assigned a value but never used                                                                                                                                                                                                              @typescript-eslint/no-unused-vars
  Line 661:10:    'useNewData' is assigned a value but never used                                                                                                                                                                                                                   @typescript-eslint/no-unused-vars
  Line 661:22:    'setUseNewData' is assigned a value but never used                                                                                                                                                                                                                @typescript-eslint/no-unused-vars
  Line 662:29:    'setShowDataInspector' is assigned a value but never used                                                                                                                                                                                                         @typescript-eslint/no-unused-vars
  Line 664:9:     'userRole' is assigned a value but never used                                                                                                                                                                                                                     @typescript-eslint/no-unused-vars
  Line 665:9:     'userFullName' is assigned a value but never used                                                                                                                                                                                                                 @typescript-eslint/no-unused-vars
  Line 670:9:     'isAdmin' is assigned a value but never used                                                                                                                                                                                                                      @typescript-eslint/no-unused-vars
  Line 673:10:    'initialNotes' is assigned a value but never used                                                                                                                                                                                                                 @typescript-eslint/no-unused-vars
  Line 673:24:    'setInitialNotes' is assigned a value but never used                                                                                                                                                                                                              @typescript-eslint/no-unused-vars
  Line 675:11:    'setContent' is assigned a value but never used                                                                                                                                                                                                                   @typescript-eslint/no-unused-vars
  Line 759:10:    'qualifyingAnswer' is assigned a value but never used                                                                                                                                                                                                             @typescript-eslint/no-unused-vars
  Line 759:28:    'setQualifyingAnswer' is assigned a value but never used                                                                                                                                                                                                          @typescript-eslint/no-unused-vars
  Line 804:13:    'blocksToUse' is assigned a value but never used                                                                                                                                                                                                                  @typescript-eslint/no-unused-vars
  Line 831:10:    'demoModeEnabled' is assigned a value but never used                                                                                                                                                                                                              @typescript-eslint/no-unused-vars
  Line 850:12:    'handleAmountBlur' is defined but never used                                                                                                                                                                                                                      @typescript-eslint/no-unused-vars
  Line 967:15:    'lockedBg' is assigned a value but never used                                                                                                                                                                                                                     @typescript-eslint/no-unused-vars
  Line 1288:6:    React Hook useEffect has a missing dependency: 'handleClearBlock'. Either include it or remove the dependency array                                                                                                                                               react-hooks/exhaustive-deps
  Line 1291:12:   'capitalizeWords' is defined but never used                                                                                                                                                                                                                       @typescript-eslint/no-unused-vars
  Line 1378:9:    'BASE_TEMPLATE' is assigned a value but never used                                                                                                                                                                                                                @typescript-eslint/no-unused-vars
  Line 1380:5:    React Hook React.useMemo has a missing dependency: 'generateBaseTemplate'. Either include it or remove the dependency array                                                                                                                                       react-hooks/exhaustive-deps
  Line 1422:3:    The 'setBody' function makes the dependencies of useEffect Hook (at line 1455) change on every render. To fix this, wrap the definition of 'setBody' in its own useCallback() Hook                                                                                react-hooks/exhaustive-deps
  Line 1472:10:   'errorMessage' is assigned a value but never used                                                                                                                                                                                                                 @typescript-eslint/no-unused-vars
  Line 1489:9:    The 'showToast' function makes the dependencies of useCallback Hook (at line 1529) change on every render. To fix this, wrap the definition of 'showToast' in its own useCallback() Hook                                                                          react-hooks/exhaustive-deps
  Line 1536:10:   'dealId' is assigned a value but never used                                                                                                                                                                                                                       @typescript-eslint/no-unused-vars
  Line 1544:10:   'clientIds' is assigned a value but never used                                                                                                                                                                                                                    @typescript-eslint/no-unused-vars
  Line 1604:10:   'editedTextRanges' is assigned a value but never used                                                                                                                                                                                                             @typescript-eslint/no-unused-vars
  Line 1687:6:    React Hook useEffect has missing dependencies: 'highlightBlock' and 'templateBlocks'. Either include them or remove the dependency array                                                                                                                          react-hooks/exhaustive-deps
  Line 1853:6:    React Hook useEffect has missing dependencies: 'body', 'editedSnippets', 'lockedBlocks', 'removeBlockOption', 'saveToUndoStackImmediate', 'selectedTemplateOptions', 'setBodyInternal', and 'templateBlocks'. Either include them or remove the dependency array  react-hooks/exhaustive-deps
  Line 1934:6:    React Hook useEffect has missing dependencies: 'body', 'lockedBlocks', 'saveToUndoStackImmediate', and 'setBodyInternal'. Either include them or remove the dependency array                                                                                      react-hooks/exhaustive-deps
  Line 2040:12:   'isContentChanged' is defined but never used                                                                                                                                                                                                                      @typescript-eslint/no-unused-vars
  Line 2254:12:   'insertOptionAtCursor' is defined but never used                                                                                                                                                                                                                  @typescript-eslint/no-unused-vars
  Line 2809:12:   'addTemplateBlock' is defined but never used                                                                                                                                                                                                                      @typescript-eslint/no-unused-vars
  Line 2829:12:   'toggleAttachment' is defined but never used                                                                                                                                                                                                                      @typescript-eslint/no-unused-vars
  Line 2876:12:   'togglePreview' is defined but never used                                                                                                                                                                                                                         @typescript-eslint/no-unused-vars
  Line 2895:12:   'resetForm' is defined but never used                                                                                                                                                                                                                             @typescript-eslint/no-unused-vars
  Line 3273:18:   'buildCcList' is defined but never used                                                                                                                                                                                                                           @typescript-eslint/no-unused-vars
  Line 3548:12:   'initiateDraftEmail' is defined but never used                                                                                                                                                                                                                    @typescript-eslint/no-unused-vars
  Line 3738:12:   'handleDealFormSubmit' is defined but never used                                                                                                                                                                                                                  @typescript-eslint/no-unused-vars
  Line 3792:6:    React Hook useEffect has missing dependencies: 'insertTemplateBlock', 'insertedBlocks', 'selectedTemplateOptions', and 'templateBlocks'. Either include them or remove the dependency array                                                                       react-hooks/exhaustive-deps
  Line 4006:12:   'clearAllBlocks' is defined but never used                                                                                                                                                                                                                        @typescript-eslint/no-unused-vars
  Line 4031:12:   'reorderTemplateBlocks' is defined but never used                                                                                                                                                                                                                 @typescript-eslint/no-unused-vars
  Line 4040:12:   'duplicateTemplateBlock' is defined but never used                                                                                                                                                                                                                @typescript-eslint/no-unused-vars
  Line 4218:12:   'autoInsertDefaultBlocks' is defined but never used                                                                                                                                                                                                               @typescript-eslint/no-unused-vars
  Line 4278:9:    'containerStyle' is assigned a value but never used                                                                                                                                                                                                               @typescript-eslint/no-unused-vars
  Line 4298:9:    'headerWrapperStyle' is assigned a value but never used                                                                                                                                                                                                           @typescript-eslint/no-unused-vars
  Line 4314:9:    'formContainerStyle' is assigned a value but never used                                                                                                                                                                                                           @typescript-eslint/no-unused-vars
  Line 4321:9:    'templatesContainerStyle' is assigned a value but never used                                                                                                                                                                                                      @typescript-eslint/no-unused-vars
  Line 4330:9:    'templatesGridStyle' is assigned a value but never used                                                                                                                                                                                                           @typescript-eslint/no-unused-vars
  Line 4339:9:    'buttonGroupStyle' is assigned a value but never used                                                                                                                                                                                                             @typescript-eslint/no-unused-vars
  Line 4345:9:    'enquiryDetailsStyle' is assigned a value but never used                                                                                                                                                                                                          @typescript-eslint/no-unused-vars
  Line 4374:9:    'bubbleStyle' is assigned a value but never used                                                                                                                                                                                                                  @typescript-eslint/no-unused-vars
  Line 4390:9:    'labelStyle' is assigned a value but never used                                                                                                                                                                                                                   @typescript-eslint/no-unused-vars
  Line 4398:9:    'attachmentBubbleStyle' is assigned a value but never used                                                                                                                                                                                                        @typescript-eslint/no-unused-vars
  Line 4420:9:    'fullName' is assigned a value but never used                                                                                                                                                                                                                     @typescript-eslint/no-unused-vars
  Line 4422:12:   'handleScrollToBlock' is defined but never used                                                                                                                                                                                                                   @typescript-eslint/no-unused-vars
  Line 4442:9:    'filteredAttachments' is assigned a value but never used                                                                                                                                                                                                          @typescript-eslint/no-unused-vars
  Line 4550:6:    React Hook useEffect has missing dependencies: 'enquiry.ID' and 'userInitials'. Either include them or remove the dependency array                                                                                                                                react-hooks/exhaustive-deps
  Line 4595:30:   Unnecessary escape character: \"                                                                                                                                                                                                                                  no-useless-escape
  Line 4595:47:   Unnecessary escape character: \"                                                                                                                                                                                                                                  no-useless-escape
  Line 4595:61:   Unnecessary escape character: \"                                                                                                                                                                                                                                  no-useless-escape
  Line 4595:95:   Unnecessary escape character: \"                                                                                                                                                                                                                                  no-useless-escape
  Line 4612:29:   Unnecessary escape character: \"                                                                                                                                                                                                                                  no-useless-escape
  Line 4612:63:   Unnecessary escape character: \"                                                                                                                                                                                                                                  no-useless-escape
  Line 4616:29:   Unnecessary escape character: \"                                                                                                                                                                                                                                  no-useless-escape
  Line 4616:63:   Unnecessary escape character: \"                                                                                                                                                                                                                                  no-useless-escape
  Line 4621:24:   Unnecessary escape character: \"                                                                                                                                                                                                                                  no-useless-escape
  Line 4621:59:   Unnecessary escape character: \"                                                                                                                                                                                                                                  no-useless-escape
  Line 4638:75:   Unnecessary escape character: \"                                                                                                                                                                                                                                  no-useless-escape
  Line 4638:136:  Unnecessary escape character: \"                                                                                                                                                                                                                                  no-useless-escape

src\tabs\enquiries\components\ActionsCell.tsx
  Line 68:9:  'neutralTextStrong' is assigned a value but never used  @typescript-eslint/no-unused-vars

src\tabs\enquiries\components\MiniPipelineChip.tsx
  Line 68:9:  'isActiveChip' is assigned a value but never used  @typescript-eslint/no-unused-vars

src\tabs\enquiries\components\PipelineCell.tsx
  Line 157:9:  'hasResolvedWorkbench' is assigned a value but never used  @typescript-eslint/no-unused-vars
  Line 158:9:  'hasResolvedEid' is assigned a value but never used        @typescript-eslint/no-unused-vars
  Line 159:9:  'hasResolvedPayment' is assigned a value but never used    @typescript-eslint/no-unused-vars
  Line 160:9:  'hasResolvedRisk' is assigned a value but never used       @typescript-eslint/no-unused-vars
  Line 161:9:  'hasResolvedMatter' is assigned a value but never used     @typescript-eslint/no-unused-vars

src\tabs\enquiries\components\ProspectHeader.tsx
  Line 96:10:   'showPasscodeConfirm' is assigned a value but never used            @typescript-eslint/no-unused-vars
  Line 103:10:  'whiteboardSplit' is assigned a value but never used                @typescript-eslint/no-unused-vars
  Line 107:9:   'setNoAmountMode' is assigned a value but never used                @typescript-eslint/no-unused-vars
  Line 357:9:   'canEditDealDetailsHere' is assigned a value but never used         @typescript-eslint/no-unused-vars
  Line 381:9:   'handleWhiteboardResizeStart' is assigned a value but never used    @typescript-eslint/no-unused-vars
  Line 406:9:   'handleCreateDealAndEnableLink' is assigned a value but never used  @typescript-eslint/no-unused-vars
  Line 424:11:  'maskText' is assigned a value but never used                       @typescript-eslint/no-unused-vars
  Line 427:11:  'rowBg' is assigned a value but never used                          @typescript-eslint/no-unused-vars
  Line 430:11:  'rowHoverBg' is assigned a value but never used                     @typescript-eslint/no-unused-vars
  Line 433:11:  'rowShadow' is assigned a value but never used                      @typescript-eslint/no-unused-vars
  Line 434:11:  'rowHoverShadow' is assigned a value but never used                 @typescript-eslint/no-unused-vars
  Line 435:11:  'panelBg' is assigned a value but never used                        @typescript-eslint/no-unused-vars
  Line 436:11:  'panelBorder' is assigned a value but never used                    @typescript-eslint/no-unused-vars
  Line 437:11:  'inputBg' is assigned a value but never used                        @typescript-eslint/no-unused-vars
  Line 438:11:  'inputBorder' is assigned a value but never used                    @typescript-eslint/no-unused-vars
  Line 439:11:  'errorColour' is assigned a value but never used                    @typescript-eslint/no-unused-vars
  Line 443:11:  'labelText' is assigned a value but never used                      @typescript-eslint/no-unused-vars

src\tabs\enquiries\components\ProspectModals.tsx
  Line 12:17:  'useCallback' is defined but never used  @typescript-eslint/no-unused-vars

src\tabs\enquiries\components\ProspectTableRow.tsx
  Line 13:15:  'Enquiry' is defined but never used  @typescript-eslint/no-unused-vars

src\tabs\enquiries\components\pipeline\MiniPipelineChip.tsx
  Line 35:9:  'isActiveChip' is assigned a value but never used    @typescript-eslint/no-unused-vars
  Line 48:9:  'connectorClass' is assigned a value but never used  @typescript-eslint/no-unused-vars

src\tabs\enquiries\enquiryGrouping.ts
  Line 2:10:  'isGenericProspectEmail' is defined but never used  @typescript-eslint/no-unused-vars

src\tabs\enquiries\pitch-builder\DealCapture.tsx
  Line 2:10:  'Icon' is defined but never used  @typescript-eslint/no-unused-vars

src\tabs\enquiries\pitch-builder\EditorAndTemplateBlocks.tsx
  Line 5:10:      'Icon' is defined but never used                                                                                                                                                                                                                                                          @typescript-eslint/no-unused-vars
  Line 6:10:      'Pivot' is defined but never used                                                                                                                                                                                                                                                         @typescript-eslint/no-unused-vars
  Line 6:17:      'PivotItem' is defined but never used                                                                                                                                                                                                                                                     @typescript-eslint/no-unused-vars
  Line 7:10:      'TextField' is defined but never used                                                                                                                                                                                                                                                     @typescript-eslint/no-unused-vars
  Line 8:10:      'FaBolt' is defined but never used                                                                                                                                                                                                                                                        @typescript-eslint/no-unused-vars
  Line 8:74:      'FaCalculator' is defined but never used                                                                                                                                                                                                                                                  @typescript-eslint/no-unused-vars
  Line 13:10:     'placeholderSuggestions' is defined but never used                                                                                                                                                                                                                                        @typescript-eslint/no-unused-vars
  Line 15:21:     'SCENARIOS_VERSION' is defined but never used                                                                                                                                                                                                                                             @typescript-eslint/no-unused-vars
  Line 16:37:     'convertDoubleBreaksToParagraphs' is defined but never used                                                                                                                                                                                                                               @typescript-eslint/no-unused-vars
  Line 19:10:     'processEditorContentForEmail' is defined but never used                                                                                                                                                                                                                                  @typescript-eslint/no-unused-vars
  Line 19:65:     'FormattingCommand' is defined but never used                                                                                                                                                                                                                                             @typescript-eslint/no-unused-vars
  Line 23:7:      'tabBgUrl' is assigned a value but never used                                                                                                                                                                                                                                             @typescript-eslint/no-unused-vars
  Line 148:10:    'escapeHtml' is defined but never used                                                                                                                                                                                                                                                    @typescript-eslint/no-unused-vars
  Line 204:10:    'areAllPlaceholdersSatisfied' is defined but never used                                                                                                                                                                                                                                   @typescript-eslint/no-unused-vars
  Line 305:50:    Unnecessary escape character: \-                                                                                                                                                                                                                                                          no-useless-escape
  Line 361:43:    Unnecessary escape character: \-                                                                                                                                                                                                                                                          no-useless-escape
  Line 572:6:     React Hook useEffect has a missing dependency: 'bodyEditorRef'. Either include it or remove the dependency array                                                                                                                                                                          react-hooks/exhaustive-deps
  Line 682:28:    The ref value 'wrapperRef.current' will likely have changed by the time this effect cleanup function runs. If this ref points to a node rendered by React, copy 'wrapperRef.current' to a variable inside the effect, and use that variable in the cleanup function                       react-hooks/exhaustive-deps
  Line 851:9:     'selectPlaceholderAtCursor' is assigned a value but never used                                                                                                                                                                                                                            @typescript-eslint/no-unused-vars
  Line 875:9:     'handleKeyDown' is assigned a value but never used                                                                                                                                                                                                                                        @typescript-eslint/no-unused-vars
  Line 1083:140:  Unexpected use of comma operator                                                                                                                                                                                                                                                          no-sequences
  Line 1084:139:  Unexpected use of comma operator                                                                                                                                                                                                                                                          no-sequences
  Line 1527:10:   'removedBlocks' is assigned a value but never used                                                                                                                                                                                                                                        @typescript-eslint/no-unused-vars
  Line 1542:10:   'showSubjectHint' is assigned a value but never used                                                                                                                                                                                                                                      @typescript-eslint/no-unused-vars
  Line 1542:27:   'setShowSubjectHint' is assigned a value but never used                                                                                                                                                                                                                                   @typescript-eslint/no-unused-vars
  Line 1586:10:   'hmrTick' is assigned a value but never used                                                                                                                                                                                                                                              @typescript-eslint/no-unused-vars
  Line 1782:6:    React Hook useCallback has unnecessary dependencies: 'setBody' and 'setSubject'. Either exclude them or remove the dependency array                                                                                                                                                       react-hooks/exhaustive-deps
  Line 1815:50:   Unnecessary escape character: \-                                                                                                                                                                                                                                                          no-useless-escape
  Line 2051:6:    React Hook useEffect has missing dependencies: 'onScopeDescriptionChange' and 'scopeDescription'. Either include them or remove the dependency array. If 'onScopeDescriptionChange' changes too often, find the parent component that defines it and wrap that definition in useCallback  react-hooks/exhaustive-deps
  Line 2076:9:    'handleRemoveBlock' is assigned a value but never used                                                                                                                                                                                                                                    @typescript-eslint/no-unused-vars
  Line 2092:9:    'handleReinsertBlock' is assigned a value but never used                                                                                                                                                                                                                                  @typescript-eslint/no-unused-vars
  Line 2102:9:    'handleScopeDescriptionChange' is assigned a value but never used                                                                                                                                                                                                                         @typescript-eslint/no-unused-vars
  Line 2118:9:    'handleAmountChange' is assigned a value but never used                                                                                                                                                                                                                                   @typescript-eslint/no-unused-vars
  Line 2182:6:    React Hook useEffect has a missing dependency: 'blockContents'. Either include it or remove the dependency array                                                                                                                                                                          react-hooks/exhaustive-deps
  Line 2184:9:    'handleBlockContentChange' is assigned a value but never used                                                                                                                                                                                                                             @typescript-eslint/no-unused-vars
  Line 2408:6:    React Hook useEffect has a missing dependency: 'bodyEditorRef'. Either include it or remove the dependency array                                                                                                                                                                          react-hooks/exhaustive-deps
  Line 2415:9:    'handleSendEmailWithProcessing' is assigned a value but never used                                                                                                                                                                                                                        @typescript-eslint/no-unused-vars
  Line 2618:21:   'onScenarioJump' is assigned a value but never used                                                                                                                                                                                                                                       @typescript-eslint/no-unused-vars

src\tabs\enquiries\pitch-builder\FormattingToolbar.tsx
  Line 16:3:  'FaTextHeight' is defined but never used  @typescript-eslint/no-unused-vars
  Line 22:3:  'FaFont' is defined but never used        @typescript-eslint/no-unused-vars

src\tabs\enquiries\pitch-builder\PitchTypeformWizard.tsx
  Line 91:9:  The element ul has an implicit role of list. Defining this explicitly is redundant and should be avoided  jsx-a11y/no-redundant-roles

src\tabs\enquiries\pitch-builder\emailFormattingUtils.ts
  Line 1:10:  'colours' is defined but never used  @typescript-eslint/no-unused-vars

src\tabs\enquiries\pitch-builder\emailFormattingV2.ts
  Line 590:10:  'fullMatch' is assigned a value but never used  @typescript-eslint/no-unused-vars

src\tabs\enquiries\pitch-builder\emailUtils.ts
  Line 581:41:  Unnecessary escape character: \)  no-useless-escape
  Line 582:32:  Unnecessary escape character: \)  no-useless-escape
  Line 586:28:  Unnecessary escape character: \"  no-useless-escape
  Line 586:32:  Unnecessary escape character: \"  no-useless-escape
  Line 586:37:  Unnecessary escape character: \"  no-useless-escape

src\tabs\enquiries\pitch-composer\usePitchComposer.ts
  Line 268:6:  React Hook useCallback has a missing dependency: 'userEmail'. Either include it or remove the dependency array  react-hooks/exhaustive-deps

src\tabs\forms\FormsHub.tsx
  Line 439:6:    React Hook useEffect has a missing dependency: 'currentUser?.Initials'. Either include it or remove the dependency array  react-hooks/exhaustive-deps
  Line 522:9:    'handleUpdateEntryForm' is assigned a value but never used                                                                @typescript-eslint/no-unused-vars
  Line 1104:21:  'target' is assigned a value but never used                                                                               @typescript-eslint/no-unused-vars

src\tabs\home\Home.tsx
  Line 16:21:    'LiveIndicatorDot' is defined but never used                                                                                                                                                                                                                             @typescript-eslint/no-unused-vars
  Line 20:36:    'cleanupLocalStorage' is defined but never used                                                                                                                                                                                                                          @typescript-eslint/no-unused-vars
  Line 22:23:    'keyframes' is defined but never used                                                                                                                                                                                                                                    @typescript-eslint/no-unused-vars
  Line 24:10:    'MessageBar' is defined but never used                                                                                                                                                                                                                                   @typescript-eslint/no-unused-vars
  Line 24:22:    'MessageBarType' is defined but never used                                                                                                                                                                                                                               @typescript-eslint/no-unused-vars
  Line 25:10:    'IconButton' is defined but never used                                                                                                                                                                                                                                   @typescript-eslint/no-unused-vars
  Line 25:22:    'DefaultButton' is defined but never used                                                                                                                                                                                                                                @typescript-eslint/no-unused-vars
  Line 33:10:    'FaCheck' is defined but never used                                                                                                                                                                                                                                      @typescript-eslint/no-unused-vars
  Line 38:8:     'GreyHelixMark' is defined but never used                                                                                                                                                                                                                                @typescript-eslint/no-unused-vars
  Line 49:10:    'componentTokens' is defined but never used                                                                                                                                                                                                                              @typescript-eslint/no-unused-vars
  Line 56:117:   'SpaceBooking' is defined but never used                                                                                                                                                                                                                                 @typescript-eslint/no-unused-vars
  Line 56:172:   'Enquiry' is defined but never used                                                                                                                                                                                                                                      @typescript-eslint/no-unused-vars
  Line 62:8:     'HomePanel' is defined but never used                                                                                                                                                                                                                                    @typescript-eslint/no-unused-vars
  Line 68:10:    'sharedDefaultButtonStyles' is defined but never used                                                                                                                                                                                                                    @typescript-eslint/no-unused-vars
  Line 85:8:     'QuickActionsCard' is defined but never used                                                                                                                                                                                                                             @typescript-eslint/no-unused-vars
  Line 110:8:    'TransactionCard' is defined but never used                                                                                                                                                                                                                              @typescript-eslint/no-unused-vars
  Line 113:8:    'OutstandingBalanceCard' is defined but never used                                                                                                                                                                                                                       @typescript-eslint/no-unused-vars
  Line 332:11:   'MatterBalance' is defined but never used                                                                                                                                                                                                                                @typescript-eslint/no-unused-vars
  Line 436:7:    'helixWatermarkSvg' is assigned a value but never used                                                                                                                                                                                                                   @typescript-eslint/no-unused-vars
  Line 537:7:    'PersonBubble' is assigned a value but never used                                                                                                                                                                                                                        @typescript-eslint/no-unused-vars
  Line 708:5:    'cachedRecoveredError' is assigned a value but never used                                                                                                                                                                                                                @typescript-eslint/no-unused-vars
  Line 710:5:    'cachedPrevRecoveredError' is assigned a value but never used                                                                                                                                                                                                            @typescript-eslint/no-unused-vars
  Line 831:7:    'CACHE_INVALIDATION_KEY' is assigned a value but never used                                                                                                                                                                                                              @typescript-eslint/no-unused-vars
  Line 833:5:    'cachedOutstandingBalances' is assigned a value but never used                                                                                                                                                                                                           @typescript-eslint/no-unused-vars
  Line 834:5:    'cachedTransactions' is assigned a value but never used                                                                                                                                                                                                                  @typescript-eslint/no-unused-vars
  Line 899:9:    'inTeams' is assigned a value but never used                                                                                                                                                                                                                             @typescript-eslint/no-unused-vars
  Line 1103:10:  'todaysTasks' is assigned a value but never used                                                                                                                                                                                                                         @typescript-eslint/no-unused-vars
  Line 1103:23:  'setTodaysTasks' is assigned a value but never used                                                                                                                                                                                                                      @typescript-eslint/no-unused-vars
  Line 1104:10:  'tasksDueThisWeek' is assigned a value but never used                                                                                                                                                                                                                    @typescript-eslint/no-unused-vars
  Line 1104:28:  'setTasksDueThisWeek' is assigned a value but never used                                                                                                                                                                                                                 @typescript-eslint/no-unused-vars
  Line 1105:10:  'completedThisWeek' is assigned a value but never used                                                                                                                                                                                                                   @typescript-eslint/no-unused-vars
  Line 1105:29:  'setCompletedThisWeek' is assigned a value but never used                                                                                                                                                                                                                @typescript-eslint/no-unused-vars
  Line 1106:10:  'recordedTime' is assigned a value but never used                                                                                                                                                                                                                        @typescript-eslint/no-unused-vars
  Line 1106:24:  'setRecordedTime' is assigned a value but never used                                                                                                                                                                                                                     @typescript-eslint/no-unused-vars
  Line 1122:10:  'prevTodaysTasks' is assigned a value but never used                                                                                                                                                                                                                     @typescript-eslint/no-unused-vars
  Line 1122:27:  'setPrevTodaysTasks' is assigned a value but never used                                                                                                                                                                                                                  @typescript-eslint/no-unused-vars
  Line 1123:10:  'prevTasksDueThisWeek' is assigned a value but never used                                                                                                                                                                                                                @typescript-eslint/no-unused-vars
  Line 1123:32:  'setPrevTasksDueThisWeek' is assigned a value but never used                                                                                                                                                                                                             @typescript-eslint/no-unused-vars
  Line 1124:10:  'prevCompletedThisWeek' is assigned a value but never used                                                                                                                                                                                                               @typescript-eslint/no-unused-vars
  Line 1124:33:  'setPrevCompletedThisWeek' is assigned a value but never used                                                                                                                                                                                                            @typescript-eslint/no-unused-vars
  Line 1125:10:  'prevRecordedTime' is assigned a value but never used                                                                                                                                                                                                                    @typescript-eslint/no-unused-vars
  Line 1125:28:  'setPrevRecordedTime' is assigned a value but never used                                                                                                                                                                                                                 @typescript-eslint/no-unused-vars
  Line 1129:10:  'isContextsExpanded' is assigned a value but never used                                                                                                                                                                                                                  @typescript-eslint/no-unused-vars
  Line 1129:30:  'setIsContextsExpanded' is assigned a value but never used                                                                                                                                                                                                               @typescript-eslint/no-unused-vars
  Line 1169:9:   'setHideAsanaAndTransactions' is assigned a value but never used                                                                                                                                                                                                         @typescript-eslint/no-unused-vars
  Line 1173:9:   'setReplacePipelineAndMatters' is assigned a value but never used                                                                                                                                                                                                        @typescript-eslint/no-unused-vars
  Line 1233:10:  'formsFavorites' is assigned a value but never used                                                                                                                                                                                                                      @typescript-eslint/no-unused-vars
  Line 1234:10:  'resourcesFavorites' is assigned a value but never used                                                                                                                                                                                                                  @typescript-eslint/no-unused-vars
  Line 1265:10:  'recoveredError' is assigned a value but never used                                                                                                                                                                                                                      @typescript-eslint/no-unused-vars
  Line 1265:26:  'setRecoveredError' is assigned a value but never used                                                                                                                                                                                                                   @typescript-eslint/no-unused-vars
  Line 1266:10:  'prevRecoveredError' is assigned a value but never used                                                                                                                                                                                                                  @typescript-eslint/no-unused-vars
  Line 1266:30:  'setPrevRecoveredError' is assigned a value but never used                                                                                                                                                                                                               @typescript-eslint/no-unused-vars
  Line 1315:9:   'wipFetchAbortRef' is assigned a value but never used                                                                                                                                                                                                                    @typescript-eslint/no-unused-vars
  Line 1316:9:   'wipFetchAttemptRef' is assigned a value but never used                                                                                                                                                                                                                  @typescript-eslint/no-unused-vars
  Line 1317:9:   'wipFetchKeyRef' is assigned a value but never used                                                                                                                                                                                                                      @typescript-eslint/no-unused-vars
  Line 1318:9:   'wipFetchRetryTimerRef' is assigned a value but never used                                                                                                                                                                                                               @typescript-eslint/no-unused-vars
  Line 1331:10:  'timeMetricsCollapsed' is assigned a value but never used                                                                                                                                                                                                                @typescript-eslint/no-unused-vars
  Line 1331:32:  'setTimeMetricsCollapsed' is assigned a value but never used                                                                                                                                                                                                             @typescript-eslint/no-unused-vars
  Line 1332:10:  'conversionMetricsCollapsed' is assigned a value but never used                                                                                                                                                                                                          @typescript-eslint/no-unused-vars
  Line 1332:38:  'setConversionMetricsCollapsed' is assigned a value but never used                                                                                                                                                                                                       @typescript-eslint/no-unused-vars
  Line 1335:10:  'demoCclDraftExists' is assigned a value but never used                                                                                                                                                                                                                  @typescript-eslint/no-unused-vars
  Line 1382:10:  'showFocusOverlay' is assigned a value but never used                                                                                                                                                                                                                    @typescript-eslint/no-unused-vars
  Line 1382:28:  'setShowFocusOverlay' is assigned a value but never used                                                                                                                                                                                                                 @typescript-eslint/no-unused-vars
  Line 1421:10:  'attendanceRealtimeHighlightInitials' is assigned a value but never used                                                                                                                                                                                                 @typescript-eslint/no-unused-vars
  Line 1431:10:  'annualLeavePulseNonce' is assigned a value but never used                                                                                                                                                                                                               @typescript-eslint/no-unused-vars
  Line 1432:10:  'outstandingBalancesPulseNonce' is assigned a value but never used                                                                                                                                                                                                       @typescript-eslint/no-unused-vars
  Line 1433:10:  'opsQueuePulseNonce' is assigned a value but never used                                                                                                                                                                                                                  @typescript-eslint/no-unused-vars
  Line 1434:10:  'docWorkspacePulseNonce' is assigned a value but never used                                                                                                                                                                                                              @typescript-eslint/no-unused-vars
  Line 1435:10:  'mattersPulseNonce' is assigned a value but never used                                                                                                                                                                                                                   @typescript-eslint/no-unused-vars
  Line 1438:10:  'realtimeChannelStatus' is assigned a value but never used                                                                                                                                                                                                               @typescript-eslint/no-unused-vars
  Line 1489:10:  'isLoadingTodoRegistry' is assigned a value but never used                                                                                                                                                                                                               @typescript-eslint/no-unused-vars
  Line 2249:6:   React Hook useCallback has missing dependencies: 'demoModeEnabled', 'localSupportAllowTeamData', 'localSupportNoData', and 'originalAdminUser'. Either include them or remove the dependency array                                                                       react-hooks/exhaustive-deps
  Line 2259:6:   React Hook useMemo has an unnecessary dependency: 'userData'. Either exclude it or remove the dependency array                                                                                                                                                           react-hooks/exhaustive-deps
  Line 2268:6:   React Hook useMemo has unnecessary dependencies: 'localSupportAllowTeamData', 'localSupportNoData', 'originalAdminUser', and 'userData'. Either exclude them or remove the dependency array                                                                              react-hooks/exhaustive-deps
  Line 2405:9:   'getCurrentWeekKey' is assigned a value but never used                                                                                                                                                                                                                   @typescript-eslint/no-unused-vars
  Line 2982:26:  'rateChangePendingCount' is assigned a value but never used                                                                                                                                                                                                              @typescript-eslint/no-unused-vars
  Line 3671:6:   React Hook useEffect has missing dependencies: 'currentUserEmail', 'deriveApproversForPerson', 'enquiries', 'handleRefreshTimeMetrics', 'originalAdminUser', and 'userData'. Either include them or remove the dependency array                                          react-hooks/exhaustive-deps
  Line 3671:17:  React Hook useEffect has a complex expression in the dependency array. Extract it to a separate variable so it can be statically checked                                                                                                                                 react-hooks/exhaustive-deps
  Line 3671:41:  React Hook useEffect has a complex expression in the dependency array. Extract it to a separate variable so it can be statically checked                                                                                                                                 react-hooks/exhaustive-deps
  Line 3671:70:  React Hook useEffect has a complex expression in the dependency array. Extract it to a separate variable so it can be statically checked                                                                                                                                 react-hooks/exhaustive-deps
  Line 3794:6:   React Hook useEffect has missing dependencies: 'annualLeaveTeam', 'teamData', and 'useLocalData'. Either include them or remove the dependency array                                                                                                                     react-hooks/exhaustive-deps
  Line 3845:6:   React Hook useEffect has a missing dependency: 'userData'. Either include it or remove the dependency array                                                                                                                                                              react-hooks/exhaustive-deps
  Line 3845:7:   React Hook useEffect has a complex expression in the dependency array. Extract it to a separate variable so it can be statically checked                                                                                                                                 react-hooks/exhaustive-deps
  Line 3845:31:  React Hook useEffect has a complex expression in the dependency array. Extract it to a separate variable so it can be statically checked                                                                                                                                 react-hooks/exhaustive-deps
  Line 3845:60:  React Hook useEffect has a complex expression in the dependency array. Extract it to a separate variable so it can be statically checked                                                                                                                                 react-hooks/exhaustive-deps
  Line 3901:6:   React Hook useEffect has a missing dependency: 'userData'. Either include it or remove the dependency array                                                                                                                                                              react-hooks/exhaustive-deps
  Line 3901:7:   React Hook useEffect has a complex expression in the dependency array. Extract it to a separate variable so it can be statically checked                                                                                                                                 react-hooks/exhaustive-deps
  Line 3901:32:  React Hook useEffect has a complex expression in the dependency array. Extract it to a separate variable so it can be statically checked                                                                                                                                 react-hooks/exhaustive-deps
  Line 3901:57:  React Hook useEffect has a complex expression in the dependency array. Extract it to a separate variable so it can be statically checked                                                                                                                                 react-hooks/exhaustive-deps
  Line 3901:79:  React Hook useEffect has a complex expression in the dependency array. Extract it to a separate variable so it can be statically checked                                                                                                                                 react-hooks/exhaustive-deps
  Line 3947:6:   React Hook useEffect has a missing dependency: 'onAllMattersFetched'. Either include it or remove the dependency array. If 'onAllMattersFetched' changes too often, find the parent component that defines it and wrap that definition in useCallback                    react-hooks/exhaustive-deps
  Line 3947:7:   React Hook useEffect has a complex expression in the dependency array. Extract it to a separate variable so it can be statically checked                                                                                                                                 react-hooks/exhaustive-deps
  Line 3993:6:   React Hook useEffect has a missing dependency: 'onTransactionsFetched'. Either include it or remove the dependency array. If 'onTransactionsFetched' changes too often, find the parent component that defines it and wrap that definition in useCallback                react-hooks/exhaustive-deps
  Line 4019:6:   React Hook useEffect has a missing dependency: 'onOutstandingBalancesFetched'. Either include it or remove the dependency array. If 'onOutstandingBalancesFetched' changes too often, find the parent component that defines it and wrap that definition in useCallback  react-hooks/exhaustive-deps
  Line 4021:9:   'columns' is assigned a value but never used                                                                                                                                                                                                                             @typescript-eslint/no-unused-vars
  Line 4030:7:   'attendanceName' is assigned a value but never used                                                                                                                                                                                                                      @typescript-eslint/no-unused-vars
  Line 4071:4:   React Hook useMemo has an unnecessary dependency: 'transformedTeamData'. Either exclude it or remove the dependency array                                                                                                                                                react-hooks/exhaustive-deps
  Line 4384:9:   'formattedToday' is assigned a value but never used                                                                                                                                                                                                                      @typescript-eslint/no-unused-vars
  Line 4385:9:   'columnsForPeople' is assigned a value but never used                                                                                                                                                                                                                    @typescript-eslint/no-unused-vars
  Line 4387:9:   'isPersonOutToday' is assigned a value but never used                                                                                                                                                                                                                    @typescript-eslint/no-unused-vars
  Line 4396:9:   'allPeople' is assigned a value but never used                                                                                                                                                                                                                           @typescript-eslint/no-unused-vars
  Line 4491:38:  'metricsClioId' is assigned a value but never used                                                                                                                                                                                                                       @typescript-eslint/no-unused-vars
  Line 4512:6:   React Hook useMemo has a missing dependency: 'namesMatchForOutstanding'. Either include it or remove the dependency array                                                                                                                                                react-hooks/exhaustive-deps
  Line 4525:11:  'outstandingBalancesList' is assigned a value but never used                                                                                                                                                                                                             @typescript-eslint/no-unused-vars
  Line 4630:8:   React Hook useMemo has a missing dependency: 'namesMatchForOutstanding'. Either include it or remove the dependency array                                                                                                                                                react-hooks/exhaustive-deps
  Line 5415:13:  'weekPaceEnquiries' is assigned a value but never used                                                                                                                                                                                                                   @typescript-eslint/no-unused-vars
  Line 5416:13:  'lastWeekSameDaysEnquiries' is assigned a value but never used                                                                                                                                                                                                           @typescript-eslint/no-unused-vars
  Line 5417:13:  'weekPaceMatters' is assigned a value but never used                                                                                                                                                                                                                     @typescript-eslint/no-unused-vars
  Line 5418:13:  'lastWeekSameDaysMatters' is assigned a value but never used                                                                                                                                                                                                             @typescript-eslint/no-unused-vars
  Line 5525:8:   React Hook useMemo has missing dependencies: 'namesMatchForOutstanding' and 'sumLiveMatterOpenedCounts'. Either include them or remove the dependency array                                                                                                              react-hooks/exhaustive-deps
  Line 5568:9:   'totalTimeLastWeek' is assigned a value but never used                                                                                                                                                                                                                   @typescript-eslint/no-unused-vars
  Line 5762:6:   React Hook useMemo has missing dependencies: 'firmOutstandingTotal' and 'outstandingTotal'. Either include them or remove the dependency array                                                                                                                           react-hooks/exhaustive-deps
  Line 5857:11:  'demoDow' is assigned a value but never used                                                                                                                                                                                                                             @typescript-eslint/no-unused-vars
  Line 6284:9:   'homeBillingTileCount' is assigned a value but never used                                                                                                                                                                                                                @typescript-eslint/no-unused-vars
  Line 6433:9:   'approveButtonStyles' is assigned a value but never used                                                                                                                                                                                                                 @typescript-eslint/no-unused-vars
  Line 6449:9:   'bookButtonStyles' is assigned a value but never used                                                                                                                                                                                                                    @typescript-eslint/no-unused-vars
  Line 6470:5:   Nested block is redundant                                                                                                                                                                                                                                                no-lone-blocks
  Line 6633:6:   React Hook useCallback has missing dependencies: 'resetQuickActionsSelection' and 'transformedTeamData'. Either include them or remove the dependency array                                                                                                              react-hooks/exhaustive-deps
  Line 6785:6:   React Hook useMemo has an unnecessary dependency: 'isLocalhost'. Either exclude it or remove the dependency array                                                                                                                                                        react-hooks/exhaustive-deps
  Line 7141:6:   React Hook useCallback has missing dependencies: 'enrichedUserData', 'futureBookingsRealtimePulse', 'hasAdminContext', 'isLoadingAnnualLeave', 'refreshAnnualLeaveData', and 'teamData'. Either include them or remove the dependency array                              react-hooks/exhaustive-deps
  Line 7836:6:   React Hook useMemo has missing dependencies: 'cclOperationsAvailable', 'openHomeCclReview', and 'userData'. Either include them or remove the dependency array                                                                                                           react-hooks/exhaustive-deps
  Line 8064:6:   React Hook React.useLayoutEffect has missing dependencies: 'handleActionClick', 'isBespokePanelOpen', 'isContextPanelOpen', 'isOutstandingPanelOpen', 'isTransactionPopupOpen', and 'setContent'. Either include them or remove the dependency array                     react-hooks/exhaustive-deps
  Line 8081:9:   '_getShortDayAndDateLabel' is assigned a value but never used                                                                                                                                                                                                            @typescript-eslint/no-unused-vars
  Line 8087:9:   'weekDays' is assigned a value but never used                                                                                                                                                                                                                            @typescript-eslint/no-unused-vars
  Line 8089:9:   'currentWeekMonday' is assigned a value but never used                                                                                                                                                                                                                   @typescript-eslint/no-unused-vars
  Line 8090:9:   'todayStr' is assigned a value but never used                                                                                                                                                                                                                            @typescript-eslint/no-unused-vars
  Line 8093:9:   '_attendancePersons' is assigned a value but never used                                                                                                                                                                                                                  @typescript-eslint/no-unused-vars
  Line 8112:9:   'getCellStatus' is assigned a value but never used                                                                                                                                                                                                                       @typescript-eslint/no-unused-vars
  Line 8136:9:   '_AttendanceCell' is assigned a value but never used                                                                                                                                                                                                                     @typescript-eslint/no-unused-vars

src\tabs\home\RateChangeModal.tsx
  Line 245:12:   'showUrgencyBanner' is assigned a value but never used                                                                            @typescript-eslint/no-unused-vars
  Line 245:31:   'setShowUrgencyBanner' is assigned a value but never used                                                                         @typescript-eslint/no-unused-vars
  Line 283:133:  Unnecessary escape character: \-                                                                                                  no-useless-escape
  Line 351:39:   React Hook useMemo has unnecessary dependencies: 'currentRate' and 'newRate'. Either exclude them or remove the dependency array  react-hooks/exhaustive-deps
  Line 399:8:    React Hook useMemo has a missing dependency: 'normalizePersonName'. Either include it or remove the dependency array              react-hooks/exhaustive-deps
  Line 454:8:    React Hook useCallback has a missing dependency: 'normalizePersonName'. Either include it or remove the dependency array          react-hooks/exhaustive-deps
  Line 1126:8:   React Hook useCallback has an unnecessary dependency: 'showToast'. Either exclude it or remove the dependency array               react-hooks/exhaustive-deps
  Line 1306:8:   React Hook useCallback has an unnecessary dependency: 'cclDate'. Either exclude it or remove the dependency array                 react-hooks/exhaustive-deps
  Line 1386:13:  'contactData' is assigned a value but never used                                                                                  @typescript-eslint/no-unused-vars
  Line 1436:11:  'migrateClients' is assigned a value but never used                                                                               @typescript-eslint/no-unused-vars
  Line 2462:67:  'isClioPhase' is assigned a value but never used                                                                                  @typescript-eslint/no-unused-vars
  Line 2663:75:  'hasInactiveResponsible' is assigned a value but never used                                                                       @typescript-eslint/no-unused-vars

src\tabs\home\SectionCard.tsx
  Line 5:10:  'colours' is defined but never used  @typescript-eslint/no-unused-vars

src\tabs\instructions\InstructionCard.tsx
  Line 319:6:  React Hook useEffect has missing dependencies: 'loadingPaymentDetails' and 'paymentData.length'. Either include them or remove the dependency array   react-hooks/exhaustive-deps
  Line 347:6:  React Hook useEffect has missing dependencies: 'instructionData' and 'loadingInstructionDetails'. Either include them or remove the dependency array  react-hooks/exhaustive-deps
  Line 355:6:  React Hook useEffect has missing dependencies: 'paymentData.length' and 'showPaymentDetails'. Either include them or remove the dependency array      react-hooks/exhaustive-deps
  Line 363:6:  React Hook useEffect has a missing dependency: 'fetchedDocuments.length'. Either include it or remove the dependency array                            react-hooks/exhaustive-deps

src\tabs\instructions\InstructionTableView.tsx
  Line 10:15:  'WorkbenchStageStatus' is defined but never used  @typescript-eslint/no-unused-vars

src\tabs\instructions\Instructions.tsx
  Line 18:10:   'MdSync' is defined but never used                                                                                                                                                                                                                                                                                                                                       @typescript-eslint/no-unused-vars
  Line 443:10:  'hoveredButton' is assigned a value but never used                                                                                                                                                                                                                                                                                                                       @typescript-eslint/no-unused-vars
  Line 443:25:  'setHoveredButton' is assigned a value but never used                                                                                                                                                                                                                                                                                                                    @typescript-eslint/no-unused-vars
  Line 482:9:   The 'fetchUnifiedEnquiries' function makes the dependencies of useCallback Hook (at line 3921) change on every render. To fix this, wrap the definition of 'fetchUnifiedEnquiries' in its own useCallback() Hook                                                                                                                                                         react-hooks/exhaustive-deps
  Line 482:9:   The 'fetchUnifiedEnquiries' function makes the dependencies of useCallback Hook (at line 3941) change on every render. To fix this, wrap the definition of 'fetchUnifiedEnquiries' in its own useCallback() Hook                                                                                                                                                         react-hooks/exhaustive-deps
  Line 482:9:   The 'fetchUnifiedEnquiries' function makes the dependencies of useCallback Hook (at line 3959) change on every render. To fix this, wrap the definition of 'fetchUnifiedEnquiries' in its own useCallback() Hook                                                                                                                                                         react-hooks/exhaustive-deps
  Line 721:6:   React Hook useCallback has a missing dependency: 'unifiedEnquiries'. Either include it or remove the dependency array                                                                                                                                                                                                                                                    react-hooks/exhaustive-deps
  Line 854:6:   React Hook useCallback has a missing dependency: 'setInstructionData'. Either include it or remove the dependency array. If 'setInstructionData' changes too often, find the parent component that defines it and wrap that definition in useCallback                                                                                                                    react-hooks/exhaustive-deps
  Line 952:6:   React Hook useEffect has a missing dependency: 'showNewMatterPage'. Either include it or remove the dependency array                                                                                                                                                                                                                                                     react-hooks/exhaustive-deps
  Line 1576:7:  'workbenchButtonHover' is assigned a value but never used                                                                                                                                                                                                                                                                                                                @typescript-eslint/no-unused-vars
  Line 2018:6:  React Hook useEffect has missing dependencies: 'ALL_AREAS_OF_WORK', 'debouncedSearchTerm', 'filterOptions', 'handleBack', 'handlePrimaryFilterChange', 'handleSearchChange', 'handleSecondaryFilterChange', 'showAllInstructions', 'toggleCounts.all', 'toggleCounts.label', 'toggleCounts.mine', and 'windowWidth'. Either include them or remove the dependency array  react-hooks/exhaustive-deps
  Line 2251:6:  React Hook useMemo has an unnecessary dependency: 'enquiries'. Either exclude it or remove the dependency array                                                                                                                                                                                                                                                          react-hooks/exhaustive-deps
  Line 2434:9:  'verifyButtonLabel' is assigned a value but never used                                                                                                                                                                                                                                                                                                                   @typescript-eslint/no-unused-vars
  Line 2440:9:  'verifyButtonBorder' is assigned a value but never used                                                                                                                                                                                                                                                                                                                  @typescript-eslint/no-unused-vars
  Line 2445:9:  'verifyButtonBackground' is assigned a value but never used                                                                                                                                                                                                                                                                                                              @typescript-eslint/no-unused-vars
  Line 2448:9:  'verifyButtonColor' is assigned a value but never used                                                                                                                                                                                                                                                                                                                   @typescript-eslint/no-unused-vars
  Line 2461:9:  'riskButtonBorder' is assigned a value but never used                                                                                                                                                                                                                                                                                                                    @typescript-eslint/no-unused-vars
  Line 2464:9:  'riskButtonBackground' is assigned a value but never used                                                                                                                                                                                                                                                                                                                @typescript-eslint/no-unused-vars
  Line 2467:9:  'riskButtonColor' is assigned a value but never used                                                                                                                                                                                                                                                                                                                     @typescript-eslint/no-unused-vars
  Line 2505:9:  'matterButtonBorder' is assigned a value but never used                                                                                                                                                                                                                                                                                                                  @typescript-eslint/no-unused-vars
  Line 2508:9:  'matterButtonBackground' is assigned a value but never used                                                                                                                                                                                                                                                                                                              @typescript-eslint/no-unused-vars
  Line 2511:9:  'matterButtonColor' is assigned a value but never used                                                                                                                                                                                                                                                                                                                   @typescript-eslint/no-unused-vars
  Line 2516:9:  'syncButtonBorder' is assigned a value but never used                                                                                                                                                                                                                                                                                                                    @typescript-eslint/no-unused-vars
  Line 2517:9:  'syncButtonBackground' is assigned a value but never used                                                                                                                                                                                                                                                                                                                @typescript-eslint/no-unused-vars
  Line 2520:9:  'syncButtonColor' is assigned a value but never used                                                                                                                                                                                                                                                                                                                     @typescript-eslint/no-unused-vars
  Line 2524:9:  'cclButtonBorder' is assigned a value but never used                                                                                                                                                                                                                                                                                                                     @typescript-eslint/no-unused-vars
  Line 2527:9:  'cclButtonBackground' is assigned a value but never used                                                                                                                                                                                                                                                                                                                 @typescript-eslint/no-unused-vars
  Line 2530:9:  'cclButtonColor' is assigned a value but never used                                                                                                                                                                                                                                                                                                                      @typescript-eslint/no-unused-vars
  Line 2580:9:  'nextReadyAction' is assigned a value but never used                                                                                                                                                                                                                                                                                                                     @typescript-eslint/no-unused-vars
  Line 3130:6:  React Hook useMemo has a missing dependency: 'readDemoEidSimConfig'. Either include it or remove the dependency array                                                                                                                                                                                                                                                    react-hooks/exhaustive-deps
  Line 3270:6:  React Hook useMemo has a missing dependency: 'readDemoEidSimConfig'. Either include it or remove the dependency array                                                                                                                                                                                                                                                    react-hooks/exhaustive-deps
  Line 3445:6:  React Hook useMemo has a missing dependency: 'instructionData'. Either include it or remove the dependency array                                                                                                                                                                                                                                                         react-hooks/exhaustive-deps
  Line 4108:9:  'handleGlobalRiskAssessment' is assigned a value but never used                                                                                                                                                                                                                                                                                                          @typescript-eslint/no-unused-vars
  Line 4141:9:  'handleGlobalEIDCheck' is assigned a value but never used                                                                                                                                                                                                                                                                                                                @typescript-eslint/no-unused-vars

src\tabs\instructions\MatterOpening\CompactMatterWizard.tsx
  Line 15:3:      'FaChevronDown' is defined but never used                                                                                                                                                                                                                      @typescript-eslint/no-unused-vars
  Line 16:3:      'FaChevronRight' is defined but never used                                                                                                                                                                                                                     @typescript-eslint/no-unused-vars
  Line 22:3:      'FaGavel' is defined but never used                                                                                                                                                                                                                            @typescript-eslint/no-unused-vars
  Line 28:3:      'FaTimes' is defined but never used                                                                                                                                                                                                                            @typescript-eslint/no-unused-vars
  Line 52:22:     'ToastType' is defined but never used                                                                                                                                                                                                                          @typescript-eslint/no-unused-vars
  Line 348:10:    'processingLogs' is assigned a value but never used                                                                                                                                                                                                            @typescript-eslint/no-unused-vars
  Line 965:6:     React Hook useCallback has missing dependencies: 'initialCompanyRelationship', 'solicitorCity', 'solicitorCountry', 'solicitorCounty', 'solicitorHouseNumber', 'solicitorPostcode', and 'solicitorStreet'. Either include them or remove the dependency array  react-hooks/exhaustive-deps
  Line 1234:6:    React Hook useCallback has missing dependencies: 'buildUserProfileLookup', 'cclOperationsAvailable', and 'userInitials'. Either include them or remove the dependency array                                                                                    react-hooks/exhaustive-deps
  Line 1810:19:   'inProgress' is assigned a value but never used                                                                                                                                                                                                                @typescript-eslint/no-unused-vars
  Line 1810:115:  Unexpected mix of '||' and '&&'. Use parentheses to clarify the intended order of operations                                                                                                                                                                   no-mixed-operators
  Line 1810:133:  Unexpected mix of '||' and '&&'. Use parentheses to clarify the intended order of operations                                                                                                                                                                   no-mixed-operators

src\tabs\instructions\MatterOpening\FlatMatterOpening.tsx
  Line 2:38:     'useLayoutEffect' is defined but never used                                                                                                                                                                                                @typescript-eslint/no-unused-vars
  Line 6:8:      'MinimalSearchBox' is defined but never used                                                                                                                                                                                               @typescript-eslint/no-unused-vars
  Line 7:36:     'InstructionData' is defined but never used                                                                                                                                                                                                @typescript-eslint/no-unused-vars
  Line 8:8:      'ClientDetails' is defined but never used                                                                                                                                                                                                  @typescript-eslint/no-unused-vars
  Line 9:8:      'ClientHub' is defined but never used                                                                                                                                                                                                      @typescript-eslint/no-unused-vars
  Line 19:5:     'practiceAreasByArea' is defined but never used                                                                                                                                                                                            @typescript-eslint/no-unused-vars
  Line 21:5:     'getGroupColor' is defined but never used                                                                                                                                                                                                  @typescript-eslint/no-unused-vars
  Line 36:8:     'ProcessingSection' is defined but never used                                                                                                                                                                                              @typescript-eslint/no-unused-vars
  Line 39:10:    'sharedPrimaryButtonStyles' is defined but never used                                                                                                                                                                                      @typescript-eslint/no-unused-vars
  Line 39:37:    'sharedDefaultButtonStyles' is defined but never used                                                                                                                                                                                      @typescript-eslint/no-unused-vars
  Line 125:11:   'idExpiry' is assigned a value but never used                                                                                                                                                                                              @typescript-eslint/no-unused-vars
  Line 133:12:   'openMeta' is assigned a value but never used                                                                                                                                                                                              @typescript-eslint/no-unused-vars
  Line 133:22:   'setOpenMeta' is assigned a value but never used                                                                                                                                                                                           @typescript-eslint/no-unused-vars
  Line 365:12:   'debugActiveTab' is assigned a value but never used                                                                                                                                                                                        @typescript-eslint/no-unused-vars
  Line 367:12:   'debugManualJson' is assigned a value but never used                                                                                                                                                                                       @typescript-eslint/no-unused-vars
  Line 367:29:   'setDebugManualJson' is assigned a value but never used                                                                                                                                                                                    @typescript-eslint/no-unused-vars
  Line 425:12:   'isDateCalloutOpen' is assigned a value but never used                                                                                                                                                                                     @typescript-eslint/no-unused-vars
  Line 425:31:   'setIsDateCalloutOpen' is assigned a value but never used                                                                                                                                                                                  @typescript-eslint/no-unused-vars
  Line 426:11:   'dateButtonRef' is assigned a value but never used                                                                                                                                                                                         @typescript-eslint/no-unused-vars
  Line 552:11:   'teamMemberOptions' is assigned a value but never used                                                                                                                                                                                     @typescript-eslint/no-unused-vars
  Line 581:8:    React Hook useEffect has missing dependencies: 'setOriginatingSolicitor' and 'setTeamMember'. Either include them or remove the dependency array                                                                                           react-hooks/exhaustive-deps
  Line 594:12:   'debugManualPasteOpen' is assigned a value but never used                                                                                                                                                                                  @typescript-eslint/no-unused-vars
  Line 597:27:   'setWorkbenchMode' is assigned a value but never used                                                                                                                                                                                      @typescript-eslint/no-unused-vars
  Line 605:12:   'debugJsonInput' is assigned a value but never used                                                                                                                                                                                        @typescript-eslint/no-unused-vars
  Line 606:12:   'debugValidation' is assigned a value but never used                                                                                                                                                                                       @typescript-eslint/no-unused-vars
  Line 639:12:   'visibleSections' is assigned a value but never used                                                                                                                                                                                       @typescript-eslint/no-unused-vars
  Line 741:11:   'getFieldStyle' is assigned a value but never used                                                                                                                                                                                         @typescript-eslint/no-unused-vars
  Line 822:11:   'renderLockOverlay' is assigned a value but never used                                                                                                                                                                                     @typescript-eslint/no-unused-vars
  Line 878:8:    React Hook useEffect has a missing dependency: 'setPracticeArea'. Either include it or remove the dependency array                                                                                                                         react-hooks/exhaustive-deps
  Line 885:11:   'setTeamMemberWithReset' is assigned a value but never used                                                                                                                                                                                @typescript-eslint/no-unused-vars
  Line 890:11:   'setSupervisingPartnerWithReset' is assigned a value but never used                                                                                                                                                                        @typescript-eslint/no-unused-vars
  Line 895:11:   'setOriginatingSolicitorWithReset' is assigned a value but never used                                                                                                                                                                      @typescript-eslint/no-unused-vars
  Line 900:11:   'setSelectedDateWithReset' is assigned a value but never used                                                                                                                                                                              @typescript-eslint/no-unused-vars
  Line 939:12:   'processingOpen' is assigned a value but never used                                                                                                                                                                                        @typescript-eslint/no-unused-vars
  Line 941:12:   'processingLogs' is assigned a value but never used                                                                                                                                                                                        @typescript-eslint/no-unused-vars
  Line 945:12:   'operationEvents' is assigned a value but never used                                                                                                                                                                                       @typescript-eslint/no-unused-vars
  Line 950:12:   'searchBoxFocused' is assigned a value but never used                                                                                                                                                                                      @typescript-eslint/no-unused-vars
  Line 1053:7:   The 'handleClearAll' function makes the dependencies of useEffect Hook (at line 2620) change on every render. Move it inside the useEffect callback. Alternatively, wrap the definition of 'handleClearAll' in its own useCallback() Hook  react-hooks/exhaustive-deps
  Line 1098:14:  'getPartnerInitials' is defined but never used                                                                                                                                                                                             @typescript-eslint/no-unused-vars
  Line 1158:11:  'requestingUserClioId' is assigned a value but never used                                                                                                                                                                                  @typescript-eslint/no-unused-vars
  Line 1175:11:  'adminEligible' is assigned a value but never used                                                                                                                                                                                         @typescript-eslint/no-unused-vars
  Line 1184:19:  'scrollParent' is assigned a value but never used                                                                                                                                                                                          @typescript-eslint/no-unused-vars
  Line 1251:11:  'getClientDotState' is assigned a value but never used                                                                                                                                                                                     @typescript-eslint/no-unused-vars
  Line 1259:11:  'getMatterDotState' is assigned a value but never used                                                                                                                                                                                     @typescript-eslint/no-unused-vars
  Line 1267:11:  'getReviewDotState' is assigned a value but never used                                                                                                                                                                                     @typescript-eslint/no-unused-vars
  Line 1276:11:  'getDotColor' is assigned a value but never used                                                                                                                                                                                           @typescript-eslint/no-unused-vars
  Line 1287:11:  'getProgressiveDotStates' is assigned a value but never used                                                                                                                                                                               @typescript-eslint/no-unused-vars
  Line 1290:15:  'hasOpponentInfo' is assigned a value but never used                                                                                                                                                                                       @typescript-eslint/no-unused-vars
  Line 1292:15:  'hasDisputeValue' is assigned a value but never used                                                                                                                                                                                       @typescript-eslint/no-unused-vars
  Line 1293:15:  'hasNoConflictCheck' is assigned a value but never used                                                                                                                                                                                    @typescript-eslint/no-unused-vars
  Line 1294:15:  'matterCompletion' is assigned a value but never used                                                                                                                                                                                      @typescript-eslint/no-unused-vars
  Line 1295:15:  'reviewCompletion' is assigned a value but never used                                                                                                                                                                                      @typescript-eslint/no-unused-vars
  Line 1323:11:  'getBuildMatterDotStates' is assigned a value but never used                                                                                                                                                                               @typescript-eslint/no-unused-vars
  Line 1391:11:  'reviewStepComplete' is assigned a value but never used                                                                                                                                                                                    @typescript-eslint/no-unused-vars
  Line 1400:11:  The 'handleGoToReview' function makes the dependencies of useEffect Hook (at line 2620) change on every render. To fix this, wrap the definition of 'handleGoToReview' in its own useCallback() Hook                                       react-hooks/exhaustive-deps
  Line 1404:11:  The 'handleBackToClients' function makes the dependencies of useEffect Hook (at line 2620) change on every render. To fix this, wrap the definition of 'handleBackToClients' in its own useCallback() Hook                                 react-hooks/exhaustive-deps
  Line 1408:11:  The 'handleBackToForm' function makes the dependencies of useEffect Hook (at line 2620) change on every render. To fix this, wrap the definition of 'handleBackToForm' in its own useCallback() Hook                                       react-hooks/exhaustive-deps
  Line 1416:11:  The 'handleGoBack' function makes the dependencies of useEffect Hook (at line 2620) change on every render. Move it inside the useEffect callback. Alternatively, wrap the definition of 'handleGoBack' in its own useCallback() Hook      react-hooks/exhaustive-deps
  Line 1688:11:  'validateDebugJson' is assigned a value but never used                                                                                                                                                                                     @typescript-eslint/no-unused-vars
  Line 1704:11:  The 'hasDataToClear' function makes the dependencies of useEffect Hook (at line 2620) change on every render. To fix this, wrap the definition of 'hasDataToClear' in its own useCallback() Hook                                           react-hooks/exhaustive-deps
  Line 1722:11:  The 'getFieldCount' function makes the dependencies of useEffect Hook (at line 2620) change on every render. Move it inside the useEffect callback. Alternatively, wrap the definition of 'getFieldCount' in its own useCallback() Hook    react-hooks/exhaustive-deps
  Line 1783:8:   React Hook React.useEffect has missing dependencies: 'generateSampleJson', 'instructionRef', 'processingSteps', 'showToast', and 'userInitials'. Either include them or remove the dependency array                                        react-hooks/exhaustive-deps
  Line 2275:11:  'allProcessingSucceeded' is assigned a value but never used                                                                                                                                                                                @typescript-eslint/no-unused-vars
  Line 3627:55:  'uniqueNationalities' is assigned a value but never used                                                                                                                                                                                   @typescript-eslint/no-unused-vars

src\tabs\instructions\MatterOpening\IdentityConfirmationCard.tsx
  Line 148:9:  'overallColors' is assigned a value but never used  @typescript-eslint/no-unused-vars

src\tabs\instructions\MatterOpening\OpponentDetailsStep.tsx
  Line 9:10:    'Icon' is defined but never used                                   @typescript-eslint/no-unused-vars
  Line 11:10:   'sharedPrimaryButtonStyles' is defined but never used              @typescript-eslint/no-unused-vars
  Line 13:8:    'BubbleTextField' is defined but never used                        @typescript-eslint/no-unused-vars
  Line 16:8:    'ModernMultiSelect' is defined but never used                      @typescript-eslint/no-unused-vars
  Line 172:10:  'parseUKAddress' is defined but never used                         @typescript-eslint/no-unused-vars
  Line 209:7:   'pressedFieldStyle' is assigned a value but never used             @typescript-eslint/no-unused-vars
  Line 219:7:   'addressFields' is assigned a value but never used                 @typescript-eslint/no-unused-vars
  Line 336:10:  'localOpponentAddress' is assigned a value but never used          @typescript-eslint/no-unused-vars
  Line 336:32:  'setLocalOpponentAddress' is assigned a value but never used       @typescript-eslint/no-unused-vars
  Line 395:9:   '_opponentHasCompany' is assigned a value but never used           @typescript-eslint/no-unused-vars
  Line 449:9:   'placeholderFieldStyle' is assigned a value but never used         @typescript-eslint/no-unused-vars
  Line 486:9:   'chipContainer' is assigned a value but never used                 @typescript-eslint/no-unused-vars
  Line 589:9:   'clearPlaceholderData' is assigned a value but never used          @typescript-eslint/no-unused-vars
  Line 632:9:   'fillDummyData' is assigned a value but never used                 @typescript-eslint/no-unused-vars
  Line 711:9:   'copyCompanyAddressToPersonal' is assigned a value but never used  @typescript-eslint/no-unused-vars
  Line 740:10:  'showSummary' is assigned a value but never used                   @typescript-eslint/no-unused-vars
  Line 774:9:   'skipAndShowSummary' is assigned a value but never used            @typescript-eslint/no-unused-vars
  Line 779:9:   'handleEdit' is assigned a value but never used                    @typescript-eslint/no-unused-vars
  Line 798:9:   'AddressSummary' is assigned a value but never used                @typescript-eslint/no-unused-vars
  Line 810:9:   'SummaryGroup' is assigned a value but never used                  @typescript-eslint/no-unused-vars
  Line 883:11:  'isPlaceholderFilled' is assigned a value but never used           @typescript-eslint/no-unused-vars

src\tabs\instructions\MatterOpening\PoidSelectionStep.tsx
  Line 10:8:    'helixLogo' is defined but never used                @typescript-eslint/no-unused-vars
  Line 257:11:  'overallPalette' is assigned a value but never used  @typescript-eslint/no-unused-vars

src\tabs\instructions\MatterOpening\processingActions.ts
  Line 12:5:  'acToken' is assigned a value but never used       @typescript-eslint/no-unused-vars
  Line 13:5:  'clioClientId' is assigned a value but never used  @typescript-eslint/no-unused-vars

src\tabs\instructions\MatterOperations.tsx
  Line 280:6:  React Hook useEffect has missing dependencies: 'loadClientData', 'loadMatterData', and 'selectedInstruction.ClientId'. Either include them or remove the dependency array  react-hooks/exhaustive-deps
  Line 458:9:  'headerStyle' is assigned a value but never used                                                                                                                           @typescript-eslint/no-unused-vars
  Line 472:9:  'statusIndicator' is assigned a value but never used                                                                                                                       @typescript-eslint/no-unused-vars

src\tabs\instructions\OverridePills.tsx
  Line 3:25:  'FaExclamationTriangle' is defined but never used  @typescript-eslint/no-unused-vars
  Line 3:82:  'FaFolder' is defined but never used               @typescript-eslint/no-unused-vars
  Line 3:92:  'FaFileAlt' is defined but never used              @typescript-eslint/no-unused-vars

src\tabs\instructions\PoidCard.tsx
  Line 11:10:   'componentTokens' is defined but never used                   @typescript-eslint/no-unused-vars
  Line 12:17:   'useMemo' is defined but never used                           @typescript-eslint/no-unused-vars
  Line 15:7:    'verificationButtonStyle' is assigned a value but never used  @typescript-eslint/no-unused-vars
  Line 170:7:   'iconStyle' is assigned a value but never used                @typescript-eslint/no-unused-vars
  Line 190:7:   'idTextStyle' is assigned a value but never used              @typescript-eslint/no-unused-vars
  Line 212:7:   'backgroundIconStyle' is assigned a value but never used      @typescript-eslint/no-unused-vars
  Line 280:7:   'profileButtonStyle' is assigned a value but never used       @typescript-eslint/no-unused-vars
  Line 337:11:  'isCompleted' is assigned a value but never used              @typescript-eslint/no-unused-vars
  Line 338:11:  'isReview' is assigned a value but never used                 @typescript-eslint/no-unused-vars
  Line 346:11:  'nationality' is assigned a value but never used              @typescript-eslint/no-unused-vars
  Line 360:11:  'idType' is assigned a value but never used                   @typescript-eslint/no-unused-vars
  Line 361:11:  'passport' is assigned a value but never used                 @typescript-eslint/no-unused-vars
  Line 362:11:  'driversLicense' is assigned a value but never used           @typescript-eslint/no-unused-vars
  Line 365:11:  'prospectId' is assigned a value but never used               @typescript-eslint/no-unused-vars

src\tabs\instructions\RiskAssessmentPage.tsx
  Line 47:28:   'setComplianceDate' is assigned a value but never used  @typescript-eslint/no-unused-vars
  Line 87:11:   'hasDataToClear' is assigned a value but never used     @typescript-eslint/no-unused-vars
  Line 215:19:  'responseData' is assigned a value but never used       @typescript-eslint/no-unused-vars

src\tabs\instructions\RiskComplianceCard.tsx
  Line 11:3:   'FaCalendarAlt' is defined but never used                   @typescript-eslint/no-unused-vars
  Line 12:3:   'FaClipboardList' is defined but never used                 @typescript-eslint/no-unused-vars
  Line 25:3:   'FaBirthdayCake' is defined but never used                  @typescript-eslint/no-unused-vars
  Line 27:3:   'FaFlag' is defined but never used                          @typescript-eslint/no-unused-vars
  Line 109:7:  'getCountryFlag' is assigned a value but never used         @typescript-eslint/no-unused-vars
  Line 170:7:  'getVerificationStatus' is assigned a value but never used  @typescript-eslint/no-unused-vars

src\tabs\instructions\ccl\DocumentRenderer.tsx
  Line 744:15:  'effectiveTotalPages' is assigned a value but never used  @typescript-eslint/no-unused-vars

src\tabs\instructions\components\ClientLookupModal.tsx
  Line 5:10:    'TextField' is defined but never used                                                                             @typescript-eslint/no-unused-vars
  Line 6:25:    'PrimaryButton' is defined but never used                                                                         @typescript-eslint/no-unused-vars
  Line 10:10:   'List' is defined but never used                                                                                  @typescript-eslint/no-unused-vars
  Line 19:7:    'mutedText' is assigned a value but never used                                                                    @typescript-eslint/no-unused-vars
  Line 23:7:    'cardBackground' is assigned a value but never used                                                               @typescript-eslint/no-unused-vars
  Line 33:7:    'textColor' is assigned a value but never used                                                                    @typescript-eslint/no-unused-vars
  Line 70:25:   'setSearchPrimary' is assigned a value but never used                                                             @typescript-eslint/no-unused-vars
  Line 96:6:    React Hook useEffect has a missing dependency: 'performSearch'. Either include it or remove the dependency array  react-hooks/exhaustive-deps
  Line 134:11:  'initials' is assigned a value but never used                                                                     @typescript-eslint/no-unused-vars

src\tabs\instructions\components\RelatedClientsSection.tsx
  Line 8:10:  'PersonaPresence' is defined but never used                                                                            @typescript-eslint/no-unused-vars
  Line 9:10:  'Persona' is defined but never used                                                                                    @typescript-eslint/no-unused-vars
  Line 9:19:  'PersonaSize' is defined but never used                                                                                @typescript-eslint/no-unused-vars
  Line 87:6:  React Hook useEffect has a missing dependency: 'loadRelatedClients'. Either include it or remove the dependency array  react-hooks/exhaustive-deps
  Line 95:6:  React Hook useEffect has a missing dependency: 'loadMainClient'. Either include it or remove the dependency array      react-hooks/exhaustive-deps

src\tabs\matters\MatterOverview.tsx
  Line 5:82:     'FaFolder' is defined but never used                                                                                                                          @typescript-eslint/no-unused-vars
  Line 5:117:    'FaCheck' is defined but never used                                                                                                                           @typescript-eslint/no-unused-vars
  Line 5:126:    'FaExclamationTriangle' is defined but never used                                                                                                             @typescript-eslint/no-unused-vars
  Line 23:3:     'WorkbenchStageStatus' is defined but never used                                                                                                              @typescript-eslint/no-unused-vars
  Line 40:3:     'detailSectionTitleStyle' is defined but never used                                                                                                           @typescript-eslint/no-unused-vars
  Line 49:3:     'tabPanelContainerStyle' is defined but never used                                                                                                            @typescript-eslint/no-unused-vars
  Line 49:27:    'tabPanelHeaderStyle' is defined but never used                                                                                                               @typescript-eslint/no-unused-vars
  Line 49:48:    'cclStatusStyle' is defined but never used                                                                                                                    @typescript-eslint/no-unused-vars
  Line 51:3:     'kpiStripStyle' is defined but never used                                                                                                                     @typescript-eslint/no-unused-vars
  Line 51:18:    'kpiItemStyle' is defined but never used                                                                                                                      @typescript-eslint/no-unused-vars
  Line 51:32:    'tabEmptyStateStyle' is defined but never used                                                                                                                @typescript-eslint/no-unused-vars
  Line 223:7:    'getPracticeAreaColor' is assigned a value but never used                                                                                                     @typescript-eslint/no-unused-vars
  Line 297:7:    'buildInitials' is assigned a value but never used                                                                                                            @typescript-eslint/no-unused-vars
  Line 304:7:    'summarizeContactChannel' is assigned a value but never used                                                                                                  @typescript-eslint/no-unused-vars
  Line 311:7:    'PipelineSection' is assigned a value but never used                                                                                                          @typescript-eslint/no-unused-vars
  Line 346:9:    'eidStatus' is assigned a value but never used                                                                                                                @typescript-eslint/no-unused-vars
  Line 367:9:    'hasFailedPayment' is assigned a value but never used                                                                                                         @typescript-eslint/no-unused-vars
  Line 371:9:    'riskComplete' is assigned a value but never used                                                                                                             @typescript-eslint/no-unused-vars
  Line 387:9:    'hasDocs' is assigned a value but never used                                                                                                                  @typescript-eslint/no-unused-vars
  Line 698:10:   'cclDraftPreview' is assigned a value but never used                                                                                                          @typescript-eslint/no-unused-vars
  Line 700:10:   'showCclDraftPreview' is assigned a value but never used                                                                                                      @typescript-eslint/no-unused-vars
  Line 701:10:   'isCclDraftLoading' is assigned a value but never used                                                                                                        @typescript-eslint/no-unused-vars
  Line 722:10:   'detailViewMode' is assigned a value but never used                                                                                                           @typescript-eslint/no-unused-vars
  Line 722:26:   'setDetailViewMode' is assigned a value but never used                                                                                                        @typescript-eslint/no-unused-vars
  Line 1031:10:  'selectedWorkbenchTab' is assigned a value but never used                                                                                                     @typescript-eslint/no-unused-vars
  Line 1031:32:  'setSelectedWorkbenchTab' is assigned a value but never used                                                                                                  @typescript-eslint/no-unused-vars
  Line 1032:10:  'selectedContextStage' is assigned a value but never used                                                                                                     @typescript-eslint/no-unused-vars
  Line 1032:32:  'setSelectedContextStage' is assigned a value but never used                                                                                                  @typescript-eslint/no-unused-vars
  Line 1033:10:  'selectedMatterStage' is assigned a value but never used                                                                                                      @typescript-eslint/no-unused-vars
  Line 1033:31:  'setSelectedMatterStage' is assigned a value but never used                                                                                                   @typescript-eslint/no-unused-vars
  Line 1034:10:  'workbenchExpanded' is assigned a value but never used                                                                                                        @typescript-eslint/no-unused-vars
  Line 1034:29:  'setWorkbenchExpanded' is assigned a value but never used                                                                                                     @typescript-eslint/no-unused-vars
  Line 1036:9:   'isLocalhost' is assigned a value but never used                                                                                                              @typescript-eslint/no-unused-vars
  Line 1040:9:   'hasWiredDetailData' is assigned a value but never used                                                                                                       @typescript-eslint/no-unused-vars
  Line 1043:9:   'isWipReady' is assigned a value but never used                                                                                                               @typescript-eslint/no-unused-vars
  Line 1229:6:   React Hook React.useEffect has a missing dependency: 'matter.clientEmail'. Either include it or remove the dependency array                                   react-hooks/exhaustive-deps
  Line 1296:6:   React Hook React.useMemo has unnecessary dependencies: 'baseWorkbenchItem' and 'pipelineLink.prospectId'. Either exclude them or remove the dependency array  react-hooks/exhaustive-deps
  Line 1484:9:   'workbenchMatterId' is assigned a value but never used                                                                                                        @typescript-eslint/no-unused-vars
  Line 1557:9:   'hasCcl' is assigned a value but never used                                                                                                                   @typescript-eslint/no-unused-vars
  Line 1596:9:   'normalizedRiskResult' is assigned a value but never used                                                                                                     @typescript-eslint/no-unused-vars
  Line 1752:9:   'detailViewHeaderRowStyle' is assigned a value but never used                                                                                                 @typescript-eslint/no-unused-vars
  Line 1761:9:   'detailViewControlRailStyle' is assigned a value but never used                                                                                               @typescript-eslint/no-unused-vars
  Line 1785:9:   'detailViewSmallToggleStyle' is assigned a value but never used                                                                                               @typescript-eslint/no-unused-vars
  Line 1797:9:   'detailViewLargeToggleStyle' is assigned a value but never used                                                                                               @typescript-eslint/no-unused-vars
  Line 1808:9:   'detailViewEndToggleStyle' is assigned a value but never used                                                                                                 @typescript-eslint/no-unused-vars
  Line 1825:9:   'detailViewAllColumnsStyle' is assigned a value but never used                                                                                                @typescript-eslint/no-unused-vars

src\tabs\matters\Matters.tsx
  Line 307:9:  'disableFutureTabs' is assigned a value but never used   @typescript-eslint/no-unused-vars
  Line 308:9:  'disabledTabMessage' is assigned a value but never used  @typescript-eslint/no-unused-vars

src\tabs\resources\Resources.tsx
  Line 173:6:  React Hook React.useCallback has an unnecessary dependency: 'requestForm'. Either exclude it or remove the dependency array  react-hooks/exhaustive-deps

src\tabs\roadmap\parts\AuditLens.tsx
  Line 9:41:  'useMemo' is defined but never used  @typescript-eslint/no-unused-vars

src\tabs\roadmap\parts\SystemTriagePanel.tsx
  Line 360:10:  'severityColour' is defined but never used      @typescript-eslint/no-unused-vars
  Line 415:10:  'issueMatchesFilter' is defined but never used  @typescript-eslint/no-unused-vars

src\tabs\roadmap\system\MatterReplayView.tsx
  Line 279:10:  'validationBusy' is assigned a value but never used  @typescript-eslint/no-unused-vars

Search for the keywords to learn more about each warning.
To ignore, add // eslint-disable-next-line to the line before.

File sizes after gzip:

  427.97 kB (+110 B)    build\static\js\vendor.77c78ec6.js
  308.85 kB             build\static\js\645.e4ae4dbf.chunk.js
  195.04 kB             build\static\js\860.032cc599.chunk.js
  184.61 kB             build\static\js\vendor-fluentui.ffbff8e5.js
  183.49 kB (-1.31 kB)  build\static\js\main.13cd75c9.js
  157.26 kB (+10 B)     build\static\js\174.002e3b9e.chunk.js
  142.75 kB             build\static\js\949.9f9a78c5.chunk.js
  109.08 kB             build\static\js\395.e5e77391.chunk.js
  93.52 kB              build\static\js\203.4f6d6d6a.chunk.js
  75.6 kB               build\static\js\122.3b3e23a4.chunk.js
  74.49 kB              build\static\js\569.9b5c4aa8.chunk.js
  53.62 kB              build\static\js\935.ae6e06e3.chunk.js
  19.41 kB              build\static\css\main.361d3601.css
  16.52 kB              build\static\css\860.ffb51698.chunk.css
  14.11 kB              build\static\css\935.0cab1439.chunk.css
  12.45 kB              build\static\js\285.f2ec3b4b.chunk.js
  11.68 kB              build\static\js\362.97855b3e.chunk.js
  9.81 kB               build\static\js\13.22ab04f0.chunk.js
  9.71 kB               build\static\css\645.d6979587.chunk.css
  8.27 kB               build\static\js\128.640985c8.chunk.js
  6.99 kB               build\static\css\949.430c12c0.chunk.css
  5.98 kB               build\static\js\714.71312590.chunk.js
  5.34 kB               build\static\js\556.453ba1f6.chunk.js
  5.01 kB               build\static\js\62.ba7c8ad7.chunk.js
  5 kB                  build\static\css\122.0d02d463.chunk.css
  4.89 kB               build\static\js\728.76db56d3.chunk.js
  4.67 kB               build\static\js\418.04dfe2dc.chunk.js
  4.15 kB               build\static\js\655.24b66512.chunk.js
  3.44 kB               build\static\css\655.607f57bb.chunk.css
  3.37 kB               build\static\css\174.9944b09b.chunk.css
  3.29 kB               build\static\js\45.d71157b0.chunk.js
  2.68 kB               build\static\js\75.95a7231e.chunk.js
  2.3 kB                build\static\js\945.6a40538f.chunk.js
  1.98 kB               build\static\js\786.ac5fb51e.chunk.js
  1.96 kB               build\static\js\962.d36ab764.chunk.js
  1.83 kB               build\static\css\569.63f3af32.chunk.css
  1.55 kB               build\static\js\456.223f416e.chunk.js
  1.5 kB                build\static\js\369.7a69298d.chunk.js
  1.35 kB               build\static\js\415.0f346914.chunk.js
  892 B                 build\static\js\699.2146468c.chunk.js
  692 B                 build\static\js\877.8359e1e3.chunk.js
  685 B                 build\static\css\203.f95d7dd1.chunk.css
  583 B                 build\static\js\7.d25bc8b7.chunk.js
  533 B                 build\static\js\490.f422c879.chunk.js
  482 B                 build\static\js\577.cea3a943.chunk.js
  442 B                 build\static\js\600.c2d33935.chunk.js
  438 B                 build\static\js\152.c6d24b7c.chunk.js
  402 B                 build\static\js\9.c36de09d.chunk.js
  295 B                 build\static\js\610.d6c0c368.chunk.js
  277 B                 build\static\js\607.5e9b867c.chunk.js

The project was built assuming it is hosted at ./.
You can control this with the homepage field in your package.json.

The build folder is ready to be deployed.

Find out more about deployment here:

  https://cra.link/deployment

